[H[2J[1m[34mStarting Disk Info Script(B[m
[32mDisk Info(B[m
/dev/disk0 (internal, physical):
   #:                       TYPE NAME                    SIZE       IDENTIFIER
   0:      GUID_partition_scheme                        *251.0 GB   disk0
   1:                        EFI EFI                     314.6 MB   disk0s1
   2:                 Apple_APFS Container disk1         250.7 GB   disk0s2

/dev/disk1 (synthesized):
   #:                       TYPE NAME                    SIZE       IDENTIFIER
   0:      APFS Container Scheme -                      +250.7 GB   disk1
                                 Physical Store disk0s2
   1:                APFS Volume Macintosh HD - Data     215.9 GB   disk1s1
   2:                APFS Volume Macintosh HD            8.9 GB     disk1s3
   3:              APFS Snapshot com.apple.os.update-... 8.9 GB     disk1s3s1
   4:                APFS Volume Preboot                 1.8 GB     disk1s4
   5:                APFS Volume Recovery                1.1 GB     disk1s5
   6:                APFS Volume VM                      5.4 GB     disk1s6

/dev/disk2 (disk image):
   #:                       TYPE NAME                    SIZE       IDENTIFIER
   0:      GUID_partition_scheme                        +195.4 MB   disk2
   1:                  Apple_HFS OpenVPN Connect         195.4 MB   disk2s1

Filesystem       Size   Used  Avail Capacity iused      ifree %iused  Mounted on
/dev/disk1s3s1  233Gi  8.3Gi   16Gi    34%  348574  170377240    0%   /
devfs           337Ki  337Ki    0Bi   100%    1166          0  100%   /dev
/dev/disk1s4    233Gi  1.7Gi   16Gi    10%    1718  170377240    0%   /System/Volumes/Preboot
/dev/disk1s6    233Gi  5.0Gi   16Gi    24%       5  170377240    0%   /System/Volumes/VM
/dev/disk1s7    233Gi  4.0Mi   16Gi     1%      17  170377240    0%   /System/Volumes/Update
/dev/disk1s1    233Gi  201Gi   16Gi    93% 1899498  170377240    1%   /System/Volumes/Data
map auto_home     0Bi    0Bi    0Bi   100%       0          0  100%   /System/Volumes/Data/home
/dev/disk2s1    186Mi  183Mi  3.1Mi    99%       7 4294967272    0%   /Volumes/OpenVPN Connect
[H[2J[1m[34mStarting Network Info Script(B[m
[32mLog File Initialization Info(B[m
[32mStart of log file(B[m
tim2 44857 0.0 0.0 34139812 732 s000 R+ 11:49PM 0:00.01 netstat -r tim2 44855 0.0 0.0 34129620 708 s000 S+ 11:49PM 0:00.01 netstat -a
[31mEND OF LOG FILE(B[m




[1m[31mEnd Of Script(B[m
   Device Identifier:         disk0
   Device Node:               /dev/disk0
   Whole:                     Yes
   Part of Whole:             disk0
   Device / Media Name:       APPLE SSD AP0256M

   Volume Name:               Not applicable (no file system)
   Mounted:                   Not applicable (no file system)
   File System:               None

   Content (IOContent):       GUID_partition_scheme
   OS Can Be Installed:       No
   Media Type:                Generic
   Protocol:                  PCI-Express
   SMART Status:              Verified

   Disk Size:                 251.0 GB (251000193024 Bytes) (exactly 490234752 512-Byte-Units)
   Device Block Size:         4096 Bytes

   Media OS Use Only:         No
   Media Read-Only:           No
   Volume Read-Only:          Not applicable (no file system)

   Device Location:           Internal
   Removable Media:           Fixed

   Solid State:               Yes
   Virtual:                   No
   Hardware AES Support:      Yes

**********

   Device Identifier:         disk0s1
   Device Node:               /dev/disk0s1
   Whole:                     No
   Part of Whole:             disk0

   Volume Name:               EFI
   Mounted:                   No

   Partition Type:            EFI
   File System Personality:   MS-DOS FAT32
   Type (Bundle):             msdos
   Name (User Visible):       MS-DOS (FAT32)

   OS Can Be Installed:       No
   Media Type:                Generic
   Protocol:                  PCI-Express
   SMART Status:              Verified
   Volume UUID:               E783267B-A4C3-3556-B751-DBED770EB996
   Disk / Partition UUID:     B87312E5-24FA-4EDF-B6D1-6D7039EB744C
   Partition Offset:          24576 Bytes (6 4096-Byte-Device-Blocks)

   Disk Size:                 314.6 MB (314572800 Bytes) (exactly 614400 512-Byte-Units)
   Device Block Size:         4096 Bytes

   Volume Total Space:        0 B (0 Bytes) (exactly 0 512-Byte-Units)
   Volume Free Space:         0 B (0 Bytes) (exactly 0 512-Byte-Units)

   Media OS Use Only:         No
   Media Read-Only:           No
   Volume Read-Only:          Not applicable (not mounted)

   Device Location:           Internal
   Removable Media:           Fixed

   Solid State:               Yes
   Hardware AES Support:      Yes

**********

   Device Identifier:         disk0s2
   Device Node:               /dev/disk0s2
   Whole:                     No
   Part of Whole:             disk0

   Volume Name:               Not applicable (no file system)
   Mounted:                   Not applicable (no file system)
   File System:               None

   Partition Type:            Apple_APFS
   OS Can Be Installed:       No
   Media Type:                Generic
   Protocol:                  PCI-Express
   SMART Status:              Verified
   Disk / Partition UUID:     19CFB04A-27C7-4D74-916C-F7E425A90D0B
   Partition Offset:          314597376 Bytes (76806 4096-Byte-Device-Blocks)

   Disk Size:                 250.7 GB (250685575168 Bytes) (exactly 489620264 512-Byte-Units)
   Device Block Size:         4096 Bytes

   Media OS Use Only:         No
   Media Read-Only:           No
   Volume Read-Only:          Not applicable (no file system)

   Device Location:           Internal
   Removable Media:           Fixed

   Solid State:               Yes
   Hardware AES Support:      Yes

   This disk is an APFS Physical Store.  APFS Information:
   APFS Container:            disk1
   Fusion Drive:              No

**********

   Device Identifier:         disk1
   Device Node:               /dev/disk1
   Whole:                     Yes
   Part of Whole:             disk1
   Device / Media Name:       APPLE SSD AP0256M

   Volume Name:               Not applicable (no file system)
   Mounted:                   Not applicable (no file system)
   File System:               None

   Content (IOContent):       EF57347C-0000-11AA-AA11-00306543ECAC
   OS Can Be Installed:       No
   Media Type:                Generic
   Protocol:                  PCI-Express
   SMART Status:              Verified
   Disk / Partition UUID:     428C3469-7B78-48F2-B44C-77B07483FFFD

   Disk Size:                 250.7 GB (250685575168 Bytes) (exactly 489620264 512-Byte-Units)
   Device Block Size:         4096 Bytes

   Media OS Use Only:         No
   Media Read-Only:           No
   Volume Read-Only:          Not applicable (no file system)

   Device Location:           Internal
   Removable Media:           Fixed

   Solid State:               Yes
   Virtual:                   Yes
   Hardware AES Support:      Yes

   This disk is an APFS Container.  APFS Information:
   APFS Physical Store:       disk0s2
   Fusion Drive:              No
   EFI Driver Version:        2142061002000000

**********

   Device Identifier:         disk1s1
   Device Node:               /dev/disk1s1
   Whole:                     No
   Part of Whole:             disk1

   Volume Name:               Macintosh HD - Data
   Mounted:                   Yes
   Mount Point:               /System/Volumes/Data

   Partition Type:            41504653-0000-11AA-AA11-00306543ECAC
   File System Personality:   APFS
   Type (Bundle):             apfs
   Name (User Visible):       APFS
   Owners:                    Enabled

   OS Can Be Installed:       Yes
   Booter Disk:               disk1s4
   Recovery Disk:             disk1s5
   Media Type:                Generic
   Protocol:                  PCI-Express
   SMART Status:              Verified
   Volume UUID:               5F6FA420-0601-438C-9781-C3A600C11D19
   Disk / Partition UUID:     5F6FA420-0601-438C-9781-C3A600C11D19

   Disk Size:                 250.7 GB (250685575168 Bytes) (exactly 489620264 512-Byte-Units)
   Device Block Size:         4096 Bytes

   Volume Used Space:         215.9 GB (215929946112 Bytes) (exactly 421738176 512-Byte-Units)
   Container Total Space:     250.7 GB (250685575168 Bytes) (exactly 489620264 512-Byte-Units)
   Container Free Space:      17.4 GB (17446359040 Bytes) (exactly 34074920 512-Byte-Units)
   Allocation Block Size:     4096 Bytes

   Media OS Use Only:         No
   Media Read-Only:           No
   Volume Read-Only:          No

   Device Location:           Internal
   Removable Media:           Fixed

   Solid State:               Yes
   Hardware AES Support:      Yes

   This disk is an APFS Volume.  APFS Information:
   APFS Container:            disk1
   APFS Physical Store:       disk0s2
   Fusion Drive:              No
   APFS Volume Group:         5D158ED7-B6B8-4918-A5F8-27863C489522
   FileVault:                 Yes
   Sealed:                    No
   Locked:                    No

**********

   Device Identifier:         disk1s3
   Device Node:               /dev/disk1s3
   Whole:                     No
   Part of Whole:             disk1

   Volume Name:               Macintosh HD
   Mounted:                   No

   Partition Type:            41504653-0000-11AA-AA11-00306543ECAC
   File System Personality:   APFS
   Type (Bundle):             apfs
   Name (User Visible):       APFS
   Owners:                    Disabled

   OS Can Be Installed:       No
   Booter Disk:               disk1s4
   Recovery Disk:             disk1s5
   Media Type:                Generic
   Protocol:                  PCI-Express
   SMART Status:              Verified
   Volume UUID:               6BEA48E6-E43A-4F5C-AE0A-48525D5A5193
   Disk / Partition UUID:     6BEA48E6-E43A-4F5C-AE0A-48525D5A5193

   Disk Size:                 250.7 GB (250685575168 Bytes) (exactly 489620264 512-Byte-Units)
   Device Block Size:         4096 Bytes

   Volume Used Space:         8.9 GB (8866996224 Bytes) (exactly 17318352 512-Byte-Units)
   Container Total Space:     250.7 GB (250685575168 Bytes) (exactly 489620264 512-Byte-Units)
   Container Free Space:      17.4 GB (17446305792 Bytes) (exactly 34074816 512-Byte-Units)

   Media OS Use Only:         No
   Media Read-Only:           No
   Volume Read-Only:          Not applicable (not mounted)

   Device Location:           Internal
   Removable Media:           Fixed

   Solid State:               Yes
   Hardware AES Support:      Yes

   This disk is an APFS Volume.  APFS Information:
   APFS Container:            disk1
   APFS Physical Store:       disk0s2
   Fusion Drive:              No
   APFS Volume Group:         5D158ED7-B6B8-4918-A5F8-27863C489522
   Encrypted:                 No
   FileVault:                 Yes
   Sealed:                    Broken
   Locked:                    No

**********

   Device Identifier:         disk1s3s1
   Device Node:               /dev/disk1s3s1
   Whole:                     No
   Part of Whole:             disk1

   Volume Name:               Macintosh HD
   Mounted:                   Yes
   Mount Point:               /

   Partition Type:            41504653-0000-11AA-AA11-00306543ECAC
   File System Personality:   APFS
   Type (Bundle):             apfs
   Name (User Visible):       APFS
   Owners:                    Enabled

   OS Can Be Installed:       No
   Booter Disk:               disk1s4
   Recovery Disk:             disk1s5
   Media Type:                Generic
   Protocol:                  PCI-Express
   SMART Status:              Verified
   Volume UUID:               72BB4AAD-2C2B-4A47-9318-B41DCE715DB0
   Disk / Partition UUID:     72BB4AAD-2C2B-4A47-9318-B41DCE715DB0

   Disk Size:                 250.7 GB (250685575168 Bytes) (exactly 489620264 512-Byte-Units)
   Device Block Size:         4096 Bytes

   Volume Used Space:         8.9 GB (8866996224 Bytes) (exactly 17318352 512-Byte-Units)
   Container Total Space:     250.7 GB (250685575168 Bytes) (exactly 489620264 512-Byte-Units)
   Container Free Space:      17.4 GB (17446412288 Bytes) (exactly 34075024 512-Byte-Units)
   Allocation Block Size:     4096 Bytes

   Media OS Use Only:         No
   Media Read-Only:           Yes
   Volume Read-Only:          Yes (read-only mount flag set)

   Device Location:           Internal
   Removable Media:           Fixed

   Solid State:               Yes
   Hardware AES Support:      Yes

   This disk is an APFS Volume Snapshot.  APFS Information:
   APFS Snapshot Name:        com.apple.os.update-F7EF6910F1273AC6B305AA05DF88E80DA1EA3E54F452C1B9122636B95C42A553
   APFS Snapshot UUID:        72BB4AAD-2C2B-4A47-9318-B41DCE715DB0
   APFS Container:            disk1
   APFS Physical Store:       disk0s2
   Fusion Drive:              No
   APFS Volume Group:         5D158ED7-B6B8-4918-A5F8-27863C489522
   EFI Driver In macOS:       2142061002000000
   Encrypted:                 No
   FileVault:                 Yes
   Sealed:                    Broken
   Locked:                    No

   APFS Snapshots are defined upon this APFS Volume.  Snapshot list:
   Snapshot UUID:             72BB4AAD-2C2B-4A47-9318-B41DCE715DB0
   Name:                      com.apple.os.update-F7EF6910F1273AC6B305AA05DF88E80DA1EA3E54F452C1B9122636B95C42A553
   XID:                       475519

**********

   Device Identifier:         disk1s4
   Device Node:               /dev/disk1s4
   Whole:                     No
   Part of Whole:             disk1

   Volume Name:               Preboot
   Mounted:                   Yes
   Mount Point:               /System/Volumes/Preboot

   Partition Type:            41504653-0000-11AA-AA11-00306543ECAC
   File System Personality:   APFS
   Type (Bundle):             apfs
   Name (User Visible):       APFS
   Owners:                    Enabled

   OS Can Be Installed:       No
   Booter Disk:               disk1s4
   Recovery Disk:             disk1s5
   Media Type:                Generic
   Protocol:                  PCI-Express
   SMART Status:              Verified
   Volume UUID:               4263F90B-F1E6-44CA-ABA0-0DCFE2F3D31B
   Disk / Partition UUID:     4263F90B-F1E6-44CA-ABA0-0DCFE2F3D31B

   Disk Size:                 250.7 GB (250685575168 Bytes) (exactly 489620264 512-Byte-Units)
   Device Block Size:         4096 Bytes

   Volume Used Space:         1.8 GB (1810776064 Bytes) (exactly 3536672 512-Byte-Units)
   Container Total Space:     250.7 GB (250685575168 Bytes) (exactly 489620264 512-Byte-Units)
   Container Free Space:      17.4 GB (17445560320 Bytes) (exactly 34073360 512-Byte-Units)
   Allocation Block Size:     4096 Bytes

   Media OS Use Only:         No
   Media Read-Only:           No
   Volume Read-Only:          No

   Device Location:           Internal
   Removable Media:           Fixed

   Solid State:               Yes
   Hardware AES Support:      Yes

   This disk is an APFS Volume.  APFS Information:
   APFS Container:            disk1
   APFS Physical Store:       disk0s2
   Fusion Drive:              No
   Encrypted:                 No
   FileVault:                 No
   Sealed:                    No
   Locked:                    No

**********

   Device Identifier:         disk1s5
   Device Node:               /dev/disk1s5
   Whole:                     No
   Part of Whole:             disk1

   Volume Name:               Recovery
   Mounted:                   No

   Partition Type:            41504653-0000-11AA-AA11-00306543ECAC
   File System Personality:   APFS
   Type (Bundle):             apfs
   Name (User Visible):       APFS
   Owners:                    Disabled

   OS Can Be Installed:       No
   Booter Disk:               disk1s4
   Recovery Disk:             disk1s5
   Media Type:                Generic
   Protocol:                  PCI-Express
   SMART Status:              Verified
   Volume UUID:               204F3FBC-B778-464C-99C7-5823FB58D77B
   Disk / Partition UUID:     204F3FBC-B778-464C-99C7-5823FB58D77B

   Disk Size:                 250.7 GB (250685575168 Bytes) (exactly 489620264 512-Byte-Units)
   Device Block Size:         4096 Bytes

   Volume Used Space:         1.1 GB (1119887360 Bytes) (exactly 2187280 512-Byte-Units)
   Container Total Space:     250.7 GB (250685575168 Bytes) (exactly 489620264 512-Byte-Units)
   Container Free Space:      17.4 GB (17445523456 Bytes) (exactly 34073288 512-Byte-Units)

   Media OS Use Only:         No
   Media Read-Only:           No
   Volume Read-Only:          Not applicable (not mounted)

   Device Location:           Internal
   Removable Media:           Fixed

   Solid State:               Yes
   Hardware AES Support:      Yes

   This disk is an APFS Volume.  APFS Information:
   APFS Container:            disk1
   APFS Physical Store:       disk0s2
   Fusion Drive:              No
   Encrypted:                 No
   FileVault:                 No
   Sealed:                    No
   Locked:                    No

**********

   Device Identifier:         disk1s6
   Device Node:               /dev/disk1s6
   Whole:                     No
   Part of Whole:             disk1

   Volume Name:               VM
   Mounted:                   Yes
   Mount Point:               /System/Volumes/VM

   Partition Type:            41504653-0000-11AA-AA11-00306543ECAC
   File System Personality:   APFS
   Type (Bundle):             apfs
   Name (User Visible):       APFS
   Owners:                    Enabled

   OS Can Be Installed:       No
   Booter Disk:               disk1s4
   Recovery Disk:             disk1s5
   Media Type:                Generic
   Protocol:                  PCI-Express
   SMART Status:              Verified
   Volume UUID:               4148227A-3647-42E7-958E-30D624301910
   Disk / Partition UUID:     4148227A-3647-42E7-958E-30D624301910

   Disk Size:                 250.7 GB (250685575168 Bytes) (exactly 489620264 512-Byte-Units)
   Device Block Size:         4096 Bytes

   Volume Used Space:         5.4 GB (5369004032 Bytes) (exactly 10486336 512-Byte-Units)
   Container Total Space:     250.7 GB (250685575168 Bytes) (exactly 489620264 512-Byte-Units)
   Container Free Space:      17.4 GB (17445507072 Bytes) (exactly 34073256 512-Byte-Units)
   Allocation Block Size:     4096 Bytes

   Media OS Use Only:         No
   Media Read-Only:           No
   Volume Read-Only:          No

   Device Location:           Internal
   Removable Media:           Fixed

   Solid State:               Yes
   Hardware AES Support:      Yes

   This disk is an APFS Volume.  APFS Information:
   APFS Container:            disk1
   APFS Physical Store:       disk0s2
   Fusion Drive:              No
   Encrypted:                 No
   FileVault:                 No
   Sealed:                    No
   Locked:                    No

**********

   Device Identifier:         disk1s7
   Device Node:               /dev/disk1s7
   Whole:                     No
   Part of Whole:             disk1

   Volume Name:               Update
   Mounted:                   Yes
   Mount Point:               /System/Volumes/Update

   Partition Type:            41504653-0000-11AA-AA11-00306543ECAC
   File System Personality:   APFS
   Type (Bundle):             apfs
   Name (User Visible):       APFS
   Owners:                    Enabled

   OS Can Be Installed:       No
   Booter Disk:               disk1s4
   Recovery Disk:             disk1s5
   Media Type:                Generic
   Protocol:                  PCI-Express
   SMART Status:              Verified
   Volume UUID:               C8BA1A49-DFAA-4C19-90FB-EFCE4754989A
   Disk / Partition UUID:     C8BA1A49-DFAA-4C19-90FB-EFCE4754989A

   Disk Size:                 250.7 GB (250685575168 Bytes) (exactly 489620264 512-Byte-Units)
   Device Block Size:         4096 Bytes

   Volume Used Space:         4.2 MB (4194304 Bytes) (exactly 8192 512-Byte-Units)
   Container Total Space:     250.7 GB (250685575168 Bytes) (exactly 489620264 512-Byte-Units)
   Container Free Space:      17.4 GB (17445490688 Bytes) (exactly 34073224 512-Byte-Units)
   Allocation Block Size:     4096 Bytes

   Media OS Use Only:         Yes
   Media Read-Only:           No
   Volume Read-Only:          No

   Device Location:           Internal
   Removable Media:           Fixed

   Solid State:               Yes
   Hardware AES Support:      Yes

   This disk is an APFS Volume.  APFS Information:
   APFS Container:            disk1
   APFS Physical Store:       disk0s2
   Fusion Drive:              No
   Encrypted:                 No
   FileVault:                 No
   Sealed:                    No
   Locked:                    No

**********

   Device Identifier:         disk2
   Device Node:               /dev/disk2
   Whole:                     Yes
   Part of Whole:             disk2
   Device / Media Name:       Disk Image

   Volume Name:               Not applicable (no file system)
   Mounted:                   Not applicable (no file system)
   File System:               None

   Content (IOContent):       GUID_partition_scheme
   OS Can Be Installed:       No
   Media Type:                Generic
   Protocol:                  Disk Image
   SMART Status:              Not Supported

   Disk Size:                 195.4 MB (195433984 Bytes) (exactly 381707 512-Byte-Units)
   Device Block Size:         512 Bytes

   Media OS Use Only:         No
   Media Read-Only:           Yes
   Volume Read-Only:          Not applicable (no file system)

   Device Location:           External
   Removable Media:           Removable
   Media Removal:             Software-Activated

   Solid State:               Info not available
   Virtual:                   Yes

**********

   Device Identifier:         disk2s1
   Device Node:               /dev/disk2s1
   Whole:                     No
   Part of Whole:             disk2

   Volume Name:               OpenVPN Connect
   Mounted:                   Yes
   Mount Point:               /Volumes/OpenVPN Connect

   Partition Type:            Apple_HFS
   File System Personality:   HFS+
   Type (Bundle):             hfs
   Name (User Visible):       Mac OS Extended
   Owners:                    Disabled

   OS Can Be Installed:       No
   Media Type:                Generic
   Protocol:                  Disk Image
   SMART Status:              Not Supported
   Volume UUID:               EB7C7197-E7C3-350C-9E6F-F1A850B89A88
   Disk / Partition UUID:     ACBD5AE2-AD70-4BD9-BE97-824E76B53AD1
   Partition Offset:          20480 Bytes (40 512-Byte-Device-Blocks)

   Disk Size:                 195.4 MB (195395584 Bytes) (exactly 381632 512-Byte-Units)
   Device Block Size:         512 Bytes

   Volume Total Space:        195.4 MB (195395584 Bytes) (exactly 381632 512-Byte-Units)
   Volume Used Space:         192.1 MB (192118784 Bytes) (exactly 375232 512-Byte-Units) (98.3%)
   Volume Free Space:         3.3 MB (3276800 Bytes) (exactly 6400 512-Byte-Units) (1.7%)
   Allocation Block Size:     4096 Bytes

   Media OS Use Only:         No
   Media Read-Only:           Yes
   Volume Read-Only:          Yes (read-only mount flag set)

   Device Location:           External
   Removable Media:           Removable
   Media Removal:             Software-Activated

   Solid State:               Info not available

**********

Storage:

    Macintosh HD - Data:

      Free: 17.45 GB (17,445,425,152 bytes)
      Capacity: 250.69 GB (250,685,575,168 bytes)
      Mount Point: /System/Volumes/Data
      File System: APFS
      Writable: Yes
      Ignore Ownership: No
      BSD Name: disk1s1
      Volume UUID: 5F6FA420-0601-438C-9781-C3A600C11D19
      Physical Drive:
          Device Name: APPLE SSD AP0256M
          Media Name: AppleAPFSMedia
          Medium Type: SSD
          Protocol: PCI-Express
          Internal: Yes
          Partition Map Type: Unknown
          S.M.A.R.T. Status: Verified

    Macintosh HD:

      Free: 17.45 GB (17,445,441,536 bytes)
      Capacity: 250.69 GB (250,685,575,168 bytes)
      Mount Point: /
      File System: APFS
      Writable: No
      Ignore Ownership: No
      BSD Name: disk1s3s1
      Volume UUID: 72BB4AAD-2C2B-4A47-9318-B41DCE715DB0
      Physical Drive:
          Device Name: APPLE SSD AP0256M
          Media Name: AppleAPFSMedia
          Medium Type: SSD
          Protocol: PCI-Express
          Internal: Yes
          Partition Map Type: Unknown
          S.M.A.R.T. Status: Verified

    OpenVPN Connect:

      Free: 3.3 MB (3,276,800 bytes)
      Capacity: 195.4 MB (195,395,584 bytes)
      Mount Point: /Volumes/OpenVPN Connect
      File System: HFS+
      Writable: No
      Ignore Ownership: Yes
      BSD Name: disk2s1
      Volume UUID: EB7C7197-E7C3-350C-9E6F-F1A850B89A88
      Physical Drive:
          Device Name: Disk Image
          Media Name: Apple Disk Image Media
          Protocol: Disk Image
          Internal: No
          Partition Map Type: GPT (GUID Partition Table)

2023-01-30 23:49:09.427 system_profiler[44872:2335273] SPUSBDevice: IOCreatePlugInInterfaceForService failed 0xe00002be
2023-01-30 23:49:09.428 system_profiler[44872:2335273] SPUSBDevice: IOCreatePlugInInterfaceForService failed 0xe00002be
2023-01-30 23:49:09.429 system_profiler[44872:2335273] SPUSBDevice: IOCreatePlugInInterfaceForService failed 0xe00002be
2023-01-30 23:49:09.429 system_profiler[44872:2335273] SPUSBDevice: IOCreatePlugInInterfaceForService failed 0xe00002be
2023-01-30 23:49:09.430 system_profiler[44872:2335273] SPUSBDevice: IOCreatePlugInInterfaceForService failed 0xe00002be
2023-01-30 23:49:09.431 system_profiler[44872:2335273] SPUSBDevice: IOCreatePlugInInterfaceForService failed 0xe00002be
2023-01-30 23:49:09.432 system_profiler[44872:2335273] SPUSBDevice: IOCreatePlugInInterfaceForService failed 0xe00002be
USB:

    USB 3.1 Bus:

      Host Controller Driver: AppleUSBXHCITR
      PCI Device ID: 0x15ec 
      PCI Revision ID: 0x0006 
      PCI Vendor ID: 0x8086 
      Bus Number: 0x00 

    USB 3.1 Bus:

      Host Controller Driver: AppleUSBXHCITR
      PCI Device ID: 0x15ec 
      PCI Revision ID: 0x0006 
      PCI Vendor ID: 0x8086 
      Bus Number: 0x01 

    USB 3.1 Bus:

      Host Controller Driver: AppleIntelCNLUSBXHCI
      PCI Device ID: 0x9ded 
      PCI Revision ID: 0x0030 
      PCI Vendor ID: 0x8086 

    Apple T2 Bus:

      Host Controller Driver: AppleUSBVHCIBCE

        Touch Bar Backlight:

          Product ID: 0x8102
          Vendor ID: 0x05ac (Apple Inc.)
          Version: 2.01
          Serial Number: 0000000000000000
          Manufacturer: Apple Inc.
          Location ID: 0x80700000

        Touch Bar Display:

          Product ID: 0x8302
          Vendor ID: 0x05ac (Apple Inc.)
          Version: 2.01
          Serial Number: 0000000000000000
          Manufacturer: Apple Inc.
          Location ID: 0x80600000

        Apple Internal Keyboard / Trackpad:

          Product ID: 0x027b
          Vendor ID: 0x05ac (Apple Inc.)
          Version: 9.27
          Serial Number: FM7048300T3J3VYBZ+RRZ
          Manufacturer: Apple Inc.
          Location ID: 0x80500000

        Headset:

          Product ID: 0x8103
          Vendor ID: 0x05ac (Apple Inc.)
          Version: 2.04
          Serial Number: 000000000000
          Manufacturer: Apple
          Location ID: 0x80400000

        Ambient Light Sensor:

          Product ID: 0x8262
          Vendor ID: 0x05ac (Apple Inc.)
          Version: 2.01
          Serial Number: 000000000000
          Manufacturer: Apple Inc.
          Location ID: 0x80300000

        FaceTime HD Camera (Built-in):

          Product ID: 0x8514
          Vendor ID: 0x05ac (Apple Inc.)
          Version: 2.01
          Serial Number: CC28452QV2BJ3Y32Z
          Manufacturer: Apple Inc.
          Location ID: 0x80200000

        Apple T2 Controller:

          Product ID: 0x8233
          Vendor ID: 0x05ac (Apple Inc.)
          Version: 2.01
          Serial Number: 0000000000000000
          Manufacturer: Apple Inc.
          Location ID: 0x80100000





[1m[31mEnd Of Script(B[m
[H[2J[1m[34mStarting Disk Info Script(B[m
[32mDisk Info(B[m
[H[2J[1m[34mStarting Network Info Script(B[m
[32mLog File Initialization Info(B[m
[32mStart of log file(B[m
/dev/disk0 (internal, physical):
   #:                       TYPE NAME                    SIZE       IDENTIFIER
   0:      GUID_partition_scheme                        *251.0 GB   disk0
   1:                        EFI EFI                     314.6 MB   disk0s1
   2:                 Apple_APFS Container disk1         250.7 GB   disk0s2

/dev/disk1 (synthesized):
   #:                       TYPE NAME                    SIZE       IDENTIFIER
   0:      APFS Container Scheme -                      +250.7 GB   disk1
                                 Physical Store disk0s2
   1:                APFS Volume Macintosh HD - Data     215.9 GB   disk1s1
   2:                APFS Volume Macintosh HD            8.9 GB     disk1s3
   3:              APFS Snapshot com.apple.os.update-... 8.9 GB     disk1s3s1
   4:                APFS Volume Preboot                 1.8 GB     disk1s4
   5:                APFS Volume Recovery                1.1 GB     disk1s5
   6:                APFS Volume VM                      5.4 GB     disk1s6

/dev/disk2 (disk image):
   #:                       TYPE NAME                    SIZE       IDENTIFIER
   0:      GUID_partition_scheme                        +195.4 MB   disk2
   1:                  Apple_HFS OpenVPN Connect         195.4 MB   disk2s1

Filesystem       Size   Used  Avail Capacity iused      ifree %iused  Mounted on
/dev/disk1s3s1  233Gi  8.3Gi   16Gi    34%  348574  170310960    0%   /
devfs           337Ki  337Ki    0Bi   100%    1166          0  100%   /dev
/dev/disk1s4    233Gi  1.7Gi   16Gi    10%    1718  170310960    0%   /System/Volumes/Preboot
/dev/disk1s6    233Gi  5.0Gi   16Gi    24%       5  170310960    0%   /System/Volumes/VM
/dev/disk1s7    233Gi  4.0Mi   16Gi     1%      17  170310960    0%   /System/Volumes/Update
/dev/disk1s1    233Gi  201Gi   16Gi    93% 1899906  170310960    1%   /System/Volumes/Data
map auto_home     0Bi    0Bi    0Bi   100%       0          0  100%   /System/Volumes/Data/home
/dev/disk2s1    186Mi  183Mi  3.1Mi    99%       7 4294967272    0%   /Volumes/OpenVPN Connect
tim2 45014 0.0 0.0 34129572 688 s000 S+ 11:50PM 0:00.01 netstat -r tim2 45012 0.0 0.0 34137800 744 s000 S+ 11:50PM 0:00.01 netstat -a tim2 44857 0.0 0.0 34181028 696 s000 S 11:49PM 0:00.03 netstat -r tim2 44855 0.0 0.0 34172884 944 s000 S 11:49PM 0:00.15 netstat -a
[31mEND OF LOG FILE(B[m




[1m[31mEnd Of Script(B[m
   Device Identifier:         disk0
   Device Node:               /dev/disk0
   Whole:                     Yes
   Part of Whole:             disk0
   Device / Media Name:       APPLE SSD AP0256M

   Volume Name:               Not applicable (no file system)
   Mounted:                   Not applicable (no file system)
   File System:               None

   Content (IOContent):       GUID_partition_scheme
   OS Can Be Installed:       No
   Media Type:                Generic
   Protocol:                  PCI-Express
   SMART Status:              Verified

   Disk Size:                 251.0 GB (251000193024 Bytes) (exactly 490234752 512-Byte-Units)
   Device Block Size:         4096 Bytes

   Media OS Use Only:         No
   Media Read-Only:           No
   Volume Read-Only:          Not applicable (no file system)

   Device Location:           Internal
   Removable Media:           Fixed

   Solid State:               Yes
   Virtual:                   No
   Hardware AES Support:      Yes

**********

   Device Identifier:         disk0s1
   Device Node:               /dev/disk0s1
   Whole:                     No
   Part of Whole:             disk0

   Volume Name:               EFI
   Mounted:                   No

   Partition Type:            EFI
   File System Personality:   MS-DOS FAT32
   Type (Bundle):             msdos
   Name (User Visible):       MS-DOS (FAT32)

   OS Can Be Installed:       No
   Media Type:                Generic
   Protocol:                  PCI-Express
   SMART Status:              Verified
   Volume UUID:               E783267B-A4C3-3556-B751-DBED770EB996
   Disk / Partition UUID:     B87312E5-24FA-4EDF-B6D1-6D7039EB744C
   Partition Offset:          24576 Bytes (6 4096-Byte-Device-Blocks)

   Disk Size:                 314.6 MB (314572800 Bytes) (exactly 614400 512-Byte-Units)
   Device Block Size:         4096 Bytes

   Volume Total Space:        0 B (0 Bytes) (exactly 0 512-Byte-Units)
   Volume Free Space:         0 B (0 Bytes) (exactly 0 512-Byte-Units)

   Media OS Use Only:         No
   Media Read-Only:           No
   Volume Read-Only:          Not applicable (not mounted)

   Device Location:           Internal
   Removable Media:           Fixed

   Solid State:               Yes
   Hardware AES Support:      Yes

**********

   Device Identifier:         disk0s2
   Device Node:               /dev/disk0s2
   Whole:                     No
   Part of Whole:             disk0

   Volume Name:               Not applicable (no file system)
   Mounted:                   Not applicable (no file system)
   File System:               None

   Partition Type:            Apple_APFS
   OS Can Be Installed:       No
   Media Type:                Generic
   Protocol:                  PCI-Express
   SMART Status:              Verified
   Disk / Partition UUID:     19CFB04A-27C7-4D74-916C-F7E425A90D0B
   Partition Offset:          314597376 Bytes (76806 4096-Byte-Device-Blocks)

   Disk Size:                 250.7 GB (250685575168 Bytes) (exactly 489620264 512-Byte-Units)
   Device Block Size:         4096 Bytes

   Media OS Use Only:         No
   Media Read-Only:           No
   Volume Read-Only:          Not applicable (no file system)

   Device Location:           Internal
   Removable Media:           Fixed

   Solid State:               Yes
   Hardware AES Support:      Yes

   This disk is an APFS Physical Store.  APFS Information:
   APFS Container:            disk1
   Fusion Drive:              No

**********

   Device Identifier:         disk1
   Device Node:               /dev/disk1
   Whole:                     Yes
   Part of Whole:             disk1
   Device / Media Name:       APPLE SSD AP0256M

   Volume Name:               Not applicable (no file system)
   Mounted:                   Not applicable (no file system)
   File System:               None

   Content (IOContent):       EF57347C-0000-11AA-AA11-00306543ECAC
   OS Can Be Installed:       No
   Media Type:                Generic
   Protocol:                  PCI-Express
   SMART Status:              Verified
   Disk / Partition UUID:     428C3469-7B78-48F2-B44C-77B07483FFFD

   Disk Size:                 250.7 GB (250685575168 Bytes) (exactly 489620264 512-Byte-Units)
   Device Block Size:         4096 Bytes

   Media OS Use Only:         No
   Media Read-Only:           No
   Volume Read-Only:          Not applicable (no file system)

   Device Location:           Internal
   Removable Media:           Fixed

   Solid State:               Yes
   Virtual:                   Yes
   Hardware AES Support:      Yes

   This disk is an APFS Container.  APFS Information:
   APFS Physical Store:       disk0s2
   Fusion Drive:              No
   EFI Driver Version:        2142061002000000

**********

   Device Identifier:         disk1s1
   Device Node:               /dev/disk1s1
   Whole:                     No
   Part of Whole:             disk1

   Volume Name:               Macintosh HD - Data
   Mounted:                   Yes
   Mount Point:               /System/Volumes/Data

   Partition Type:            41504653-0000-11AA-AA11-00306543ECAC
   File System Personality:   APFS
   Type (Bundle):             apfs
   Name (User Visible):       APFS
   Owners:                    Enabled

   OS Can Be Installed:       Yes
   Booter Disk:               disk1s4
   Recovery Disk:             disk1s5
   Media Type:                Generic
   Protocol:                  PCI-Express
   SMART Status:              Verified
   Volume UUID:               5F6FA420-0601-438C-9781-C3A600C11D19
   Disk / Partition UUID:     5F6FA420-0601-438C-9781-C3A600C11D19

   Disk Size:                 250.7 GB (250685575168 Bytes) (exactly 489620264 512-Byte-Units)
   Device Block Size:         4096 Bytes

   Volume Used Space:         215.9 GB (215936790528 Bytes) (exactly 421751544 512-Byte-Units)
   Container Total Space:     250.7 GB (250685575168 Bytes) (exactly 489620264 512-Byte-Units)
   Container Free Space:      17.4 GB (17439514624 Bytes) (exactly 34061552 512-Byte-Units)
   Allocation Block Size:     4096 Bytes

   Media OS Use Only:         No
   Media Read-Only:           No
   Volume Read-Only:          No

   Device Location:           Internal
   Removable Media:           Fixed

   Solid State:               Yes
   Hardware AES Support:      Yes

   This disk is an APFS Volume.  APFS Information:
   APFS Container:            disk1
   APFS Physical Store:       disk0s2
   Fusion Drive:              No
   APFS Volume Group:         5D158ED7-B6B8-4918-A5F8-27863C489522
   FileVault:                 Yes
   Sealed:                    No
   Locked:                    No

**********

   Device Identifier:         disk1s3
   Device Node:               /dev/disk1s3
   Whole:                     No
   Part of Whole:             disk1

   Volume Name:               Macintosh HD
   Mounted:                   No

   Partition Type:            41504653-0000-11AA-AA11-00306543ECAC
   File System Personality:   APFS
   Type (Bundle):             apfs
   Name (User Visible):       APFS
   Owners:                    Disabled

   OS Can Be Installed:       No
   Booter Disk:               disk1s4
   Recovery Disk:             disk1s5
   Media Type:                Generic
   Protocol:                  PCI-Express
   SMART Status:              Verified
   Volume UUID:               6BEA48E6-E43A-4F5C-AE0A-48525D5A5193
   Disk / Partition UUID:     6BEA48E6-E43A-4F5C-AE0A-48525D5A5193

   Disk Size:                 250.7 GB (250685575168 Bytes) (exactly 489620264 512-Byte-Units)
   Device Block Size:         4096 Bytes

   Volume Used Space:         8.9 GB (8866996224 Bytes) (exactly 17318352 512-Byte-Units)
   Container Total Space:     250.7 GB (250685575168 Bytes) (exactly 489620264 512-Byte-Units)
   Container Free Space:      17.4 GB (17439326208 Bytes) (exactly 34061184 512-Byte-Units)

   Media OS Use Only:         No
   Media Read-Only:           No
   Volume Read-Only:          Not applicable (not mounted)

   Device Location:           Internal
   Removable Media:           Fixed

   Solid State:               Yes
   Hardware AES Support:      Yes

   This disk is an APFS Volume.  APFS Information:
   APFS Container:            disk1
   APFS Physical Store:       disk0s2
   Fusion Drive:              No
   APFS Volume Group:         5D158ED7-B6B8-4918-A5F8-27863C489522
   Encrypted:                 No
   FileVault:                 Yes
   Sealed:                    Broken
   Locked:                    No

**********

   Device Identifier:         disk1s3s1
   Device Node:               /dev/disk1s3s1
   Whole:                     No
   Part of Whole:             disk1

   Volume Name:               Macintosh HD
   Mounted:                   Yes
   Mount Point:               /

   Partition Type:            41504653-0000-11AA-AA11-00306543ECAC
   File System Personality:   APFS
   Type (Bundle):             apfs
   Name (User Visible):       APFS
   Owners:                    Enabled

   OS Can Be Installed:       No
   Booter Disk:               disk1s4
   Recovery Disk:             disk1s5
   Media Type:                Generic
   Protocol:                  PCI-Express
   SMART Status:              Verified
   Volume UUID:               72BB4AAD-2C2B-4A47-9318-B41DCE715DB0
   Disk / Partition UUID:     72BB4AAD-2C2B-4A47-9318-B41DCE715DB0

   Disk Size:                 250.7 GB (250685575168 Bytes) (exactly 489620264 512-Byte-Units)
   Device Block Size:         4096 Bytes

   Volume Used Space:         8.9 GB (8866996224 Bytes) (exactly 17318352 512-Byte-Units)
   Container Total Space:     250.7 GB (250685575168 Bytes) (exactly 489620264 512-Byte-Units)
   Container Free Space:      17.4 GB (17439326208 Bytes) (exactly 34061184 512-Byte-Units)
   Allocation Block Size:     4096 Bytes

   Media OS Use Only:         No
   Media Read-Only:           Yes
   Volume Read-Only:          Yes (read-only mount flag set)

   Device Location:           Internal
   Removable Media:           Fixed

   Solid State:               Yes
   Hardware AES Support:      Yes

   This disk is an APFS Volume Snapshot.  APFS Information:
   APFS Snapshot Name:        com.apple.os.update-F7EF6910F1273AC6B305AA05DF88E80DA1EA3E54F452C1B9122636B95C42A553
   APFS Snapshot UUID:        72BB4AAD-2C2B-4A47-9318-B41DCE715DB0
   APFS Container:            disk1
   APFS Physical Store:       disk0s2
   Fusion Drive:              No
   APFS Volume Group:         5D158ED7-B6B8-4918-A5F8-27863C489522
   EFI Driver In macOS:       2142061002000000
   Encrypted:                 No
   FileVault:                 Yes
   Sealed:                    Broken
   Locked:                    No

   APFS Snapshots are defined upon this APFS Volume.  Snapshot list:
   Snapshot UUID:             72BB4AAD-2C2B-4A47-9318-B41DCE715DB0
   Name:                      com.apple.os.update-F7EF6910F1273AC6B305AA05DF88E80DA1EA3E54F452C1B9122636B95C42A553
   XID:                       475519

**********

   Device Identifier:         disk1s4
   Device Node:               /dev/disk1s4
   Whole:                     No
   Part of Whole:             disk1

   Volume Name:               Preboot
   Mounted:                   Yes
   Mount Point:               /System/Volumes/Preboot

   Partition Type:            41504653-0000-11AA-AA11-00306543ECAC
   File System Personality:   APFS
   Type (Bundle):             apfs
   Name (User Visible):       APFS
   Owners:                    Enabled

   OS Can Be Installed:       No
   Booter Disk:               disk1s4
   Recovery Disk:             disk1s5
   Media Type:                Generic
   Protocol:                  PCI-Express
   SMART Status:              Verified
   Volume UUID:               4263F90B-F1E6-44CA-ABA0-0DCFE2F3D31B
   Disk / Partition UUID:     4263F90B-F1E6-44CA-ABA0-0DCFE2F3D31B

   Disk Size:                 250.7 GB (250685575168 Bytes) (exactly 489620264 512-Byte-Units)
   Device Block Size:         4096 Bytes

   Volume Used Space:         1.8 GB (1810776064 Bytes) (exactly 3536672 512-Byte-Units)
   Container Total Space:     250.7 GB (250685575168 Bytes) (exactly 489620264 512-Byte-Units)
   Container Free Space:      17.4 GB (17439293440 Bytes) (exactly 34061120 512-Byte-Units)
   Allocation Block Size:     4096 Bytes

   Media OS Use Only:         No
   Media Read-Only:           No
   Volume Read-Only:          No

   Device Location:           Internal
   Removable Media:           Fixed

   Solid State:               Yes
   Hardware AES Support:      Yes

   This disk is an APFS Volume.  APFS Information:
   APFS Container:            disk1
   APFS Physical Store:       disk0s2
   Fusion Drive:              No
   Encrypted:                 No
   FileVault:                 No
   Sealed:                    No
   Locked:                    No

**********

   Device Identifier:         disk1s5
   Device Node:               /dev/disk1s5
   Whole:                     No
   Part of Whole:             disk1

   Volume Name:               Recovery
   Mounted:                   No

   Partition Type:            41504653-0000-11AA-AA11-00306543ECAC
   File System Personality:   APFS
   Type (Bundle):             apfs
   Name (User Visible):       APFS
   Owners:                    Disabled

   OS Can Be Installed:       No
   Booter Disk:               disk1s4
   Recovery Disk:             disk1s5
   Media Type:                Generic
   Protocol:                  PCI-Express
   SMART Status:              Verified
   Volume UUID:               204F3FBC-B778-464C-99C7-5823FB58D77B
   Disk / Partition UUID:     204F3FBC-B778-464C-99C7-5823FB58D77B

   Disk Size:                 250.7 GB (250685575168 Bytes) (exactly 489620264 512-Byte-Units)
   Device Block Size:         4096 Bytes

   Volume Used Space:         1.1 GB (1119887360 Bytes) (exactly 2187280 512-Byte-Units)
   Container Total Space:     250.7 GB (250685575168 Bytes) (exactly 489620264 512-Byte-Units)
   Container Free Space:      17.4 GB (17439326208 Bytes) (exactly 34061184 512-Byte-Units)

   Media OS Use Only:         No
   Media Read-Only:           No
   Volume Read-Only:          Not applicable (not mounted)

   Device Location:           Internal
   Removable Media:           Fixed

   Solid State:               Yes
   Hardware AES Support:      Yes

   This disk is an APFS Volume.  APFS Information:
   APFS Container:            disk1
   APFS Physical Store:       disk0s2
   Fusion Drive:              No
   Encrypted:                 No
   FileVault:                 No
   Sealed:                    No
   Locked:                    No

**********

   Device Identifier:         disk1s6
   Device Node:               /dev/disk1s6
   Whole:                     No
   Part of Whole:             disk1

   Volume Name:               VM
   Mounted:                   Yes
   Mount Point:               /System/Volumes/VM

   Partition Type:            41504653-0000-11AA-AA11-00306543ECAC
   File System Personality:   APFS
   Type (Bundle):             apfs
   Name (User Visible):       APFS
   Owners:                    Enabled

   OS Can Be Installed:       No
   Booter Disk:               disk1s4
   Recovery Disk:             disk1s5
   Media Type:                Generic
   Protocol:                  PCI-Express
   SMART Status:              Verified
   Volume UUID:               4148227A-3647-42E7-958E-30D624301910
   Disk / Partition UUID:     4148227A-3647-42E7-958E-30D624301910

   Disk Size:                 250.7 GB (250685575168 Bytes) (exactly 489620264 512-Byte-Units)
   Device Block Size:         4096 Bytes

   Volume Used Space:         5.4 GB (5369004032 Bytes) (exactly 10486336 512-Byte-Units)
   Container Total Space:     250.7 GB (250685575168 Bytes) (exactly 489620264 512-Byte-Units)
   Container Free Space:      17.4 GB (17439309824 Bytes) (exactly 34061152 512-Byte-Units)
   Allocation Block Size:     4096 Bytes

   Media OS Use Only:         No
   Media Read-Only:           No
   Volume Read-Only:          No

   Device Location:           Internal
   Removable Media:           Fixed

   Solid State:               Yes
   Hardware AES Support:      Yes

   This disk is an APFS Volume.  APFS Information:
   APFS Container:            disk1
   APFS Physical Store:       disk0s2
   Fusion Drive:              No
   Encrypted:                 No
   FileVault:                 No
   Sealed:                    No
   Locked:                    No

**********

   Device Identifier:         disk1s7
   Device Node:               /dev/disk1s7
   Whole:                     No
   Part of Whole:             disk1

   Volume Name:               Update
   Mounted:                   Yes
   Mount Point:               /System/Volumes/Update

   Partition Type:            41504653-0000-11AA-AA11-00306543ECAC
   File System Personality:   APFS
   Type (Bundle):             apfs
   Name (User Visible):       APFS
   Owners:                    Enabled

   OS Can Be Installed:       No
   Booter Disk:               disk1s4
   Recovery Disk:             disk1s5
   Media Type:                Generic
   Protocol:                  PCI-Express
   SMART Status:              Verified
   Volume UUID:               C8BA1A49-DFAA-4C19-90FB-EFCE4754989A
   Disk / Partition UUID:     C8BA1A49-DFAA-4C19-90FB-EFCE4754989A

   Disk Size:                 250.7 GB (250685575168 Bytes) (exactly 489620264 512-Byte-Units)
   Device Block Size:         4096 Bytes

   Volume Used Space:         4.2 MB (4194304 Bytes) (exactly 8192 512-Byte-Units)
   Container Total Space:     250.7 GB (250685575168 Bytes) (exactly 489620264 512-Byte-Units)
   Container Free Space:      17.4 GB (17439948800 Bytes) (exactly 34062400 512-Byte-Units)
   Allocation Block Size:     4096 Bytes

   Media OS Use Only:         Yes
   Media Read-Only:           No
   Volume Read-Only:          No

   Device Location:           Internal
   Removable Media:           Fixed

   Solid State:               Yes
   Hardware AES Support:      Yes

   This disk is an APFS Volume.  APFS Information:
   APFS Container:            disk1
   APFS Physical Store:       disk0s2
   Fusion Drive:              No
   Encrypted:                 No
   FileVault:                 No
   Sealed:                    No
   Locked:                    No

**********

   Device Identifier:         disk2
   Device Node:               /dev/disk2
   Whole:                     Yes
   Part of Whole:             disk2
   Device / Media Name:       Disk Image

   Volume Name:               Not applicable (no file system)
   Mounted:                   Not applicable (no file system)
   File System:               None

   Content (IOContent):       GUID_partition_scheme
   OS Can Be Installed:       No
   Media Type:                Generic
   Protocol:                  Disk Image
   SMART Status:              Not Supported

   Disk Size:                 195.4 MB (195433984 Bytes) (exactly 381707 512-Byte-Units)
   Device Block Size:         512 Bytes

   Media OS Use Only:         No
   Media Read-Only:           Yes
   Volume Read-Only:          Not applicable (no file system)

   Device Location:           External
   Removable Media:           Removable
   Media Removal:             Software-Activated

   Solid State:               Info not available
   Virtual:                   Yes

**********

   Device Identifier:         disk2s1
   Device Node:               /dev/disk2s1
   Whole:                     No
   Part of Whole:             disk2

   Volume Name:               OpenVPN Connect
   Mounted:                   Yes
   Mount Point:               /Volumes/OpenVPN Connect

   Partition Type:            Apple_HFS
   File System Personality:   HFS+
   Type (Bundle):             hfs
   Name (User Visible):       Mac OS Extended
   Owners:                    Disabled

   OS Can Be Installed:       No
   Media Type:                Generic
   Protocol:                  Disk Image
   SMART Status:              Not Supported
   Volume UUID:               EB7C7197-E7C3-350C-9E6F-F1A850B89A88
   Disk / Partition UUID:     ACBD5AE2-AD70-4BD9-BE97-824E76B53AD1
   Partition Offset:          20480 Bytes (40 512-Byte-Device-Blocks)

   Disk Size:                 195.4 MB (195395584 Bytes) (exactly 381632 512-Byte-Units)
   Device Block Size:         512 Bytes

   Volume Total Space:        195.4 MB (195395584 Bytes) (exactly 381632 512-Byte-Units)
   Volume Used Space:         192.1 MB (192118784 Bytes) (exactly 375232 512-Byte-Units) (98.3%)
   Volume Free Space:         3.3 MB (3276800 Bytes) (exactly 6400 512-Byte-Units) (1.7%)
   Allocation Block Size:     4096 Bytes

   Media OS Use Only:         No
   Media Read-Only:           Yes
   Volume Read-Only:          Yes (read-only mount flag set)

   Device Location:           External
   Removable Media:           Removable
   Media Removal:             Software-Activated

   Solid State:               Info not available

**********

Storage:

    Macintosh HD - Data:

      Free: 17.44 GB (17,439,948,800 bytes)
      Capacity: 250.69 GB (250,685,575,168 bytes)
      Mount Point: /System/Volumes/Data
      File System: APFS
      Writable: Yes
      Ignore Ownership: No
      BSD Name: disk1s1
      Volume UUID: 5F6FA420-0601-438C-9781-C3A600C11D19
      Physical Drive:
          Device Name: APPLE SSD AP0256M
          Media Name: AppleAPFSMedia
          Medium Type: SSD
          Protocol: PCI-Express
          Internal: Yes
          Partition Map Type: Unknown
          S.M.A.R.T. Status: Verified

    Macintosh HD:

      Free: 17.44 GB (17,439,948,800 bytes)
      Capacity: 250.69 GB (250,685,575,168 bytes)
      Mount Point: /
      File System: APFS
      Writable: No
      Ignore Ownership: No
      BSD Name: disk1s3s1
      Volume UUID: 72BB4AAD-2C2B-4A47-9318-B41DCE715DB0
      Physical Drive:
          Device Name: APPLE SSD AP0256M
          Media Name: AppleAPFSMedia
          Medium Type: SSD
          Protocol: PCI-Express
          Internal: Yes
          Partition Map Type: Unknown
          S.M.A.R.T. Status: Verified

    OpenVPN Connect:

      Free: 3.3 MB (3,276,800 bytes)
      Capacity: 195.4 MB (195,395,584 bytes)
      Mount Point: /Volumes/OpenVPN Connect
      File System: HFS+
      Writable: No
      Ignore Ownership: Yes
      BSD Name: disk2s1
      Volume UUID: EB7C7197-E7C3-350C-9E6F-F1A850B89A88
      Physical Drive:
          Device Name: Disk Image
          Media Name: Apple Disk Image Media
          Protocol: Disk Image
          Internal: No
          Partition Map Type: GPT (GUID Partition Table)

2023-01-30 23:50:30.185 system_profiler[45034:2336541] SPUSBDevice: IOCreatePlugInInterfaceForService failed 0xe00002be
2023-01-30 23:50:30.186 system_profiler[45034:2336541] SPUSBDevice: IOCreatePlugInInterfaceForService failed 0xe00002be
2023-01-30 23:50:30.186 system_profiler[45034:2336541] SPUSBDevice: IOCreatePlugInInterfaceForService failed 0xe00002be
2023-01-30 23:50:30.187 system_profiler[45034:2336541] SPUSBDevice: IOCreatePlugInInterfaceForService failed 0xe00002be
2023-01-30 23:50:30.187 system_profiler[45034:2336541] SPUSBDevice: IOCreatePlugInInterfaceForService failed 0xe00002be
2023-01-30 23:50:30.188 system_profiler[45034:2336541] SPUSBDevice: IOCreatePlugInInterfaceForService failed 0xe00002be
2023-01-30 23:50:30.188 system_profiler[45034:2336541] SPUSBDevice: IOCreatePlugInInterfaceForService failed 0xe00002be
USB:

    USB 3.1 Bus:

      Host Controller Driver: AppleUSBXHCITR
      PCI Device ID: 0x15ec 
      PCI Revision ID: 0x0006 
      PCI Vendor ID: 0x8086 
      Bus Number: 0x00 

    USB 3.1 Bus:

      Host Controller Driver: AppleUSBXHCITR
      PCI Device ID: 0x15ec 
      PCI Revision ID: 0x0006 
      PCI Vendor ID: 0x8086 
      Bus Number: 0x01 

    USB 3.1 Bus:

      Host Controller Driver: AppleIntelCNLUSBXHCI
      PCI Device ID: 0x9ded 
      PCI Revision ID: 0x0030 
      PCI Vendor ID: 0x8086 

    Apple T2 Bus:

      Host Controller Driver: AppleUSBVHCIBCE

        Touch Bar Backlight:

          Product ID: 0x8102
          Vendor ID: 0x05ac (Apple Inc.)
          Version: 2.01
          Serial Number: 0000000000000000
          Manufacturer: Apple Inc.
          Location ID: 0x80700000

        Touch Bar Display:

          Product ID: 0x8302
          Vendor ID: 0x05ac (Apple Inc.)
          Version: 2.01
          Serial Number: 0000000000000000
          Manufacturer: Apple Inc.
          Location ID: 0x80600000

        Apple Internal Keyboard / Trackpad:

          Product ID: 0x027b
          Vendor ID: 0x05ac (Apple Inc.)
          Version: 9.27
          Serial Number: FM7048300T3J3VYBZ+RRZ
          Manufacturer: Apple Inc.
          Location ID: 0x80500000

        Headset:

          Product ID: 0x8103
          Vendor ID: 0x05ac (Apple Inc.)
          Version: 2.04
          Serial Number: 000000000000
          Manufacturer: Apple
          Location ID: 0x80400000

        Ambient Light Sensor:

          Product ID: 0x8262
          Vendor ID: 0x05ac (Apple Inc.)
          Version: 2.01
          Serial Number: 000000000000
          Manufacturer: Apple Inc.
          Location ID: 0x80300000

        FaceTime HD Camera (Built-in):

          Product ID: 0x8514
          Vendor ID: 0x05ac (Apple Inc.)
          Version: 2.01
          Serial Number: CC28452QV2BJ3Y32Z
          Manufacturer: Apple Inc.
          Location ID: 0x80200000

        Apple T2 Controller:

          Product ID: 0x8233
          Vendor ID: 0x05ac (Apple Inc.)
          Version: 2.01
          Serial Number: 0000000000000000
          Manufacturer: Apple Inc.
          Location ID: 0x80100000





[1m[31mEnd Of Script(B[m
lo0: flags=8049<UP,LOOPBACK,RUNNING,MULTICAST> mtu 16384
	options=1203<RXCSUM,TXCSUM,TXSTATUS,SW_TIMESTAMP>
	inet 127.0.0.1 netmask 0xff000000 
	inet6 ::1 prefixlen 128 
	inet6 fe80::1%lo0 prefixlen 64 scopeid 0x1 
	nd6 options=201<PERFORMNUD,DAD>
gif0: flags=8010<POINTOPOINT,MULTICAST> mtu 1280
stf0: flags=0<> mtu 1280
en5: flags=8863<UP,BROADCAST,SMART,RUNNING,SIMPLEX,MULTICAST> mtu 1500
	ether ac:de:48:00:11:22 
	inet6 fe80::aede:48ff:fe00:1122%en5 prefixlen 64 scopeid 0x4 
	nd6 options=201<PERFORMNUD,DAD>
	media: autoselect (100baseTX <full-duplex>)
	status: active
ap1: flags=8802<BROADCAST,SIMPLEX,MULTICAST> mtu 1500
	options=400<CHANNEL_IO>
	ether 3a:f9:d3:24:f6:84 
	media: autoselect
en0: flags=8863<UP,BROADCAST,SMART,RUNNING,SIMPLEX,MULTICAST> mtu 1500
	options=400<CHANNEL_IO>
	ether 38:f9:d3:24:f6:84 
	inet6 fe80::46d:ecb4:ac8:ba3a%en0 prefixlen 64 secured scopeid 0x6 
	inet 192.168.1.227 netmask 0xffffff00 broadcast 192.168.1.255
	nd6 options=201<PERFORMNUD,DAD>
	media: autoselect
	status: active
awdl0: flags=8843<UP,BROADCAST,RUNNING,SIMPLEX,MULTICAST> mtu 1500
	options=6463<RXCSUM,TXCSUM,TSO4,TSO6,CHANNEL_IO,PARTIAL_CSUM,ZEROINVERT_CSUM>
	ether 2a:2a:f4:20:e6:a5 
	inet6 fe80::282a:f4ff:fe20:e6a5%awdl0 prefixlen 64 scopeid 0x7 
	nd6 options=201<PERFORMNUD,DAD>
	media: autoselect
	status: active
en2: flags=8963<UP,BROADCAST,SMART,RUNNING,PROMISC,SIMPLEX,MULTICAST> mtu 1500
	options=460<TSO4,TSO6,CHANNEL_IO>
	ether 82:22:b9:00:0c:00 
	media: autoselect <full-duplex>
	status: inactive
en3: flags=8963<UP,BROADCAST,SMART,RUNNING,PROMISC,SIMPLEX,MULTICAST> mtu 1500
	options=460<TSO4,TSO6,CHANNEL_IO>
	ether 82:22:b9:00:0c:05 
	media: autoselect <full-duplex>
	status: inactive
en4: flags=8963<UP,BROADCAST,SMART,RUNNING,PROMISC,SIMPLEX,MULTICAST> mtu 1500
	options=460<TSO4,TSO6,CHANNEL_IO>
	ether 82:22:b9:00:0c:04 
	media: autoselect <full-duplex>
	status: inactive
en1: flags=8963<UP,BROADCAST,SMART,RUNNING,PROMISC,SIMPLEX,MULTICAST> mtu 1500
	options=460<TSO4,TSO6,CHANNEL_IO>
	ether 82:22:b9:00:0c:01 
	media: autoselect <full-duplex>
	status: inactive
bridge0: flags=8863<UP,BROADCAST,SMART,RUNNING,SIMPLEX,MULTICAST> mtu 1500
	options=63<RXCSUM,TXCSUM,TSO4,TSO6>
	ether 82:22:b9:00:0c:01 
	Configuration:
		id 0:0:0:0:0:0 priority 0 hellotime 0 fwddelay 0
		maxage 0 holdcnt 0 proto stp maxaddr 100 timeout 1200
		root id 0:0:0:0:0:0 priority 0 ifcost 0 port 0
		ipfilter disabled flags 0x0
	member: en1 flags=3<LEARNING,DISCOVER>
	        ifmaxaddr 0 port 11 priority 0 path cost 0
	member: en2 flags=3<LEARNING,DISCOVER>
	        ifmaxaddr 0 port 8 priority 0 path cost 0
	member: en3 flags=3<LEARNING,DISCOVER>
	        ifmaxaddr 0 port 9 priority 0 path cost 0
	member: en4 flags=3<LEARNING,DISCOVER>
	        ifmaxaddr 0 port 10 priority 0 path cost 0
	nd6 options=201<PERFORMNUD,DAD>
	media: <unknown type>
	status: inactive
llw0: flags=8863<UP,BROADCAST,SMART,RUNNING,SIMPLEX,MULTICAST> mtu 1500
	options=400<CHANNEL_IO>
	ether 2a:2a:f4:20:e6:a5 
	inet6 fe80::282a:f4ff:fe20:e6a5%llw0 prefixlen 64 scopeid 0xd 
	nd6 options=201<PERFORMNUD,DAD>
	media: autoselect
	status: inactive
utun0: flags=8051<UP,POINTOPOINT,RUNNING,MULTICAST> mtu 1380
	inet6 fe80::99cc:d17e:f378:8eff%utun0 prefixlen 64 scopeid 0xe 
	nd6 options=201<PERFORMNUD,DAD>
utun1: flags=8051<UP,POINTOPOINT,RUNNING,MULTICAST> mtu 2000
	inet6 fe80::5150:863c:9a77:6a19%utun1 prefixlen 64 scopeid 0xf 
	nd6 options=201<PERFORMNUD,DAD>
utun2: flags=8051<UP,POINTOPOINT,RUNNING,MULTICAST> mtu 1000
	inet6 fe80::ce81:b1c:bd2c:69e%utun2 prefixlen 64 scopeid 0x10 
	nd6 options=201<PERFORMNUD,DAD>
utun3: flags=8051<UP,POINTOPOINT,RUNNING,MULTICAST> mtu 1380
	inet6 fe80::3288:ea15:43ac:8a75%utun3 prefixlen 64 scopeid 0x11 
	nd6 options=201<PERFORMNUD,DAD>
utun4: flags=8051<UP,POINTOPOINT,RUNNING,MULTICAST> mtu 1380
	inet6 fe80::5165:5128:6d42:317e%utun4 prefixlen 64 scopeid 0x12 
	nd6 options=201<PERFORMNUD,DAD>
utun5: flags=8051<UP,POINTOPOINT,RUNNING,MULTICAST> mtu 1380
	inet6 fe80::7d2f:d88e:2020:4eca%utun5 prefixlen 64 scopeid 0x13 
	nd6 options=201<PERFORMNUD,DAD>
pktap0: flags=1<UP> mtu 0
utun6: flags=8051<UP,POINTOPOINT,RUNNING,MULTICAST> mtu 1500
	inet 172.16.100.10 --> 172.16.100.9 netmask 0xfffffffc 
[H[2Jtimsabrouter.timsabdomain.com (192.168.1.1) at 40:62:31:7:df:3d on en0 ifscope [ethernet]
? (192.168.1.11) at 44:9:b8:2e:c7:bf on en0 ifscope [ethernet]
? (192.168.1.119) at c8:16:bd:c1:7d:45 on en0 ifscope [ethernet]
? (192.168.1.146) at 92:d5:3c:83:ac:32 on en0 ifscope [ethernet]
? (192.168.1.154) at a4:77:33:73:d4:e0 on en0 ifscope [ethernet]
? (192.168.1.155) at a4:e:2b:46:5f:ab on en0 ifscope [ethernet]
? (192.168.1.156) at 80:d2:1d:2a:da:d3 on en0 ifscope [ethernet]
? (192.168.1.157) at a4:e:2b:5b:13:4a on en0 ifscope [ethernet]
? (192.168.1.255) at ff:ff:ff:ff:ff:ff on en0 ifscope [ethernet]
? (224.0.0.251) at 1:0:5e:0:0:fb on en0 ifscope permanent [ethernet]
? (239.255.255.250) at 1:0:5e:7f:ff:fa on en0 ifscope permanent [ethernet]
[1m[34mStarting Disk Info Script(B[m
[32mDisk Info(B[m
/dev/disk0 (internal, physical):
   #:                       TYPE NAME                    SIZE       IDENTIFIER
   0:      GUID_partition_scheme                        *251.0 GB   disk0
   1:                        EFI EFI                     314.6 MB   disk0s1
   2:                 Apple_APFS Container disk1         250.7 GB   disk0s2

/dev/disk1 (synthesized):
   #:                       TYPE NAME                    SIZE       IDENTIFIER
   0:      APFS Container Scheme -                      +250.7 GB   disk1
                                 Physical Store disk0s2
   1:                APFS Volume Macintosh HD - Data     215.9 GB   disk1s1
   2:                APFS Volume Macintosh HD            8.9 GB     disk1s3
   3:              APFS Snapshot com.apple.os.update-... 8.9 GB     disk1s3s1
   4:                APFS Volume Preboot                 1.8 GB     disk1s4
   5:                APFS Volume Recovery                1.1 GB     disk1s5
   6:                APFS Volume VM                      5.4 GB     disk1s6

/dev/disk2 (disk image):
   #:                       TYPE NAME                    SIZE       IDENTIFIER
   0:      GUID_partition_scheme                        +195.4 MB   disk2
   1:                  Apple_HFS OpenVPN Connect         195.4 MB   disk2s1

Filesystem       Size   Used  Avail Capacity iused      ifree %iused  Mounted on
/dev/disk1s3s1  233Gi  8.3Gi   16Gi    34%  348574  170215520    0%   /
devfs           337Ki  337Ki    0Bi   100%    1166          0  100%   /dev
/dev/disk1s4    233Gi  1.7Gi   16Gi    10%    1718  170215520    0%   /System/Volumes/Preboot
/dev/disk1s6    233Gi  5.0Gi   16Gi    24%       5  170215520    0%   /System/Volumes/VM
/dev/disk1s7    233Gi  4.0Mi   16Gi     1%      17  170215520    0%   /System/Volumes/Update
/dev/disk1s1    233Gi  201Gi   16Gi    93% 1900554  170215520    1%   /System/Volumes/Data
map auto_home     0Bi    0Bi    0Bi   100%       0          0  100%   /System/Volumes/Data/home
/dev/disk2s1    186Mi  183Mi  3.1Mi    99%       7 4294967272    0%   /Volumes/OpenVPN Connect
   Device Identifier:         disk0
   Device Node:               /dev/disk0
   Whole:                     Yes
   Part of Whole:             disk0
   Device / Media Name:       APPLE SSD AP0256M

   Volume Name:               Not applicable (no file system)
   Mounted:                   Not applicable (no file system)
   File System:               None

   Content (IOContent):       GUID_partition_scheme
   OS Can Be Installed:       No
   Media Type:                Generic
   Protocol:                  PCI-Express
   SMART Status:              Not Supported

   Disk Size:                 251.0 GB (251000193024 Bytes) (exactly 490234752 512-Byte-Units)
   Device Block Size:         4096 Bytes

   Media OS Use Only:         No
   Media Read-Only:           No
   Volume Read-Only:          Not applicable (no file system)

   Device Location:           Internal
   Removable Media:           Fixed

   Solid State:               Yes
   Virtual:                   No
   Hardware AES Support:      Yes

**********

   Device Identifier:         disk0s1
   Device Node:               /dev/disk0s1
   Whole:                     No
   Part of Whole:             disk0

   Volume Name:               EFI
   Mounted:                   No

   Partition Type:            EFI
   File System Personality:   MS-DOS FAT32
   Type (Bundle):             msdos
   Name (User Visible):       MS-DOS (FAT32)

   OS Can Be Installed:       No
   Media Type:                Generic
   Protocol:                  PCI-Express
   SMART Status:              Verified
   Volume UUID:               E783267B-A4C3-3556-B751-DBED770EB996
   Disk / Partition UUID:     B87312E5-24FA-4EDF-B6D1-6D7039EB744C
   Partition Offset:          24576 Bytes (6 4096-Byte-Device-Blocks)

   Disk Size:                 314.6 MB (314572800 Bytes) (exactly 614400 512-Byte-Units)
   Device Block Size:         4096 Bytes

   Volume Total Space:        0 B (0 Bytes) (exactly 0 512-Byte-Units)
   Volume Free Space:         0 B (0 Bytes) (exactly 0 512-Byte-Units)

   Media OS Use Only:         No
   Media Read-Only:           No
   Volume Read-Only:          Not applicable (not mounted)

   Device Location:           Internal
   Removable Media:           Fixed

   Solid State:               Yes
   Hardware AES Support:      Yes

**********

   Device Identifier:         disk0s2
   Device Node:               /dev/disk0s2
   Whole:                     No
   Part of Whole:             disk0

   Volume Name:               Not applicable (no file system)
   Mounted:                   Not applicable (no file system)
   File System:               None

   Partition Type:            Apple_APFS
   OS Can Be Installed:       No
   Media Type:                Generic
   Protocol:                  PCI-Express
   SMART Status:              Verified
   Disk / Partition UUID:     19CFB04A-27C7-4D74-916C-F7E425A90D0B
   Partition Offset:          314597376 Bytes (76806 4096-Byte-Device-Blocks)

   Disk Size:                 250.7 GB (250685575168 Bytes) (exactly 489620264 512-Byte-Units)
   Device Block Size:         4096 Bytes

   Media OS Use Only:         No
   Media Read-Only:           No
   Volume Read-Only:          Not applicable (no file system)

   Device Location:           Internal
   Removable Media:           Fixed

   Solid State:               Yes
   Hardware AES Support:      Yes

   This disk is an APFS Physical Store.  APFS Information:
   APFS Container:            disk1
   Fusion Drive:              No

**********

   Device Identifier:         disk1
   Device Node:               /dev/disk1
   Whole:                     Yes
   Part of Whole:             disk1
   Device / Media Name:       APPLE SSD AP0256M

   Volume Name:               Not applicable (no file system)
   Mounted:                   Not applicable (no file system)
   File System:               None

   Content (IOContent):       EF57347C-0000-11AA-AA11-00306543ECAC
   OS Can Be Installed:       No
   Media Type:                Generic
   Protocol:                  PCI-Express
   SMART Status:              Verified
   Disk / Partition UUID:     428C3469-7B78-48F2-B44C-77B07483FFFD

   Disk Size:                 250.7 GB (250685575168 Bytes) (exactly 489620264 512-Byte-Units)
   Device Block Size:         4096 Bytes

   Media OS Use Only:         No
   Media Read-Only:           No
   Volume Read-Only:          Not applicable (no file system)

   Device Location:           Internal
   Removable Media:           Fixed

   Solid State:               Yes
   Virtual:                   Yes
   Hardware AES Support:      Yes

   This disk is an APFS Container.  APFS Information:
   APFS Physical Store:       disk0s2
   Fusion Drive:              No
   EFI Driver Version:        2142061002000000

**********

   Device Identifier:         disk1s1
   Device Node:               /dev/disk1s1
   Whole:                     No
   Part of Whole:             disk1

   Volume Name:               Macintosh HD - Data
   Mounted:                   Yes
   Mount Point:               /System/Volumes/Data

   Partition Type:            41504653-0000-11AA-AA11-00306543ECAC
   File System Personality:   APFS
   Type (Bundle):             apfs
   Name (User Visible):       APFS
   Owners:                    Enabled

   OS Can Be Installed:       Yes
   Booter Disk:               disk1s4
   Recovery Disk:             disk1s5
   Media Type:                Generic
   Protocol:                  PCI-Express
   SMART Status:              Verified
   Volume UUID:               5F6FA420-0601-438C-9781-C3A600C11D19
   Disk / Partition UUID:     5F6FA420-0601-438C-9781-C3A600C11D19

   Disk Size:                 250.7 GB (250685575168 Bytes) (exactly 489620264 512-Byte-Units)
   Device Block Size:         4096 Bytes

   Volume Used Space:         215.9 GB (215946854400 Bytes) (exactly 421771200 512-Byte-Units)
   Container Total Space:     250.7 GB (250685575168 Bytes) (exactly 489620264 512-Byte-Units)
   Container Free Space:      17.4 GB (17429450752 Bytes) (exactly 34041896 512-Byte-Units)
   Allocation Block Size:     4096 Bytes

   Media OS Use Only:         No
   Media Read-Only:           No
   Volume Read-Only:          No

   Device Location:           Internal
   Removable Media:           Fixed

   Solid State:               Yes
   Hardware AES Support:      Yes

   This disk is an APFS Volume.  APFS Information:
   APFS Container:            disk1
   APFS Physical Store:       disk0s2
   Fusion Drive:              No
   APFS Volume Group:         5D158ED7-B6B8-4918-A5F8-27863C489522
   FileVault:                 Yes
   Sealed:                    No
   Locked:                    No

**********

   Device Identifier:         disk1s3
   Device Node:               /dev/disk1s3
   Whole:                     No
   Part of Whole:             disk1

   Volume Name:               Macintosh HD
   Mounted:                   No

   Partition Type:            41504653-0000-11AA-AA11-00306543ECAC
   File System Personality:   APFS
   Type (Bundle):             apfs
   Name (User Visible):       APFS
   Owners:                    Disabled

   OS Can Be Installed:       No
   Booter Disk:               disk1s4
   Recovery Disk:             disk1s5
   Media Type:                Generic
   Protocol:                  PCI-Express
   SMART Status:              Verified
   Volume UUID:               6BEA48E6-E43A-4F5C-AE0A-48525D5A5193
   Disk / Partition UUID:     6BEA48E6-E43A-4F5C-AE0A-48525D5A5193

   Disk Size:                 250.7 GB (250685575168 Bytes) (exactly 489620264 512-Byte-Units)
   Device Block Size:         4096 Bytes

   Volume Used Space:         8.9 GB (8866996224 Bytes) (exactly 17318352 512-Byte-Units)
   Container Total Space:     250.7 GB (250685575168 Bytes) (exactly 489620264 512-Byte-Units)
   Container Free Space:      17.4 GB (17429434368 Bytes) (exactly 34041864 512-Byte-Units)

   Media OS Use Only:         No
   Media Read-Only:           No
   Volume Read-Only:          Not applicable (not mounted)

   Device Location:           Internal
   Removable Media:           Fixed

   Solid State:               Yes
   Hardware AES Support:      Yes

   This disk is an APFS Volume.  APFS Information:
   APFS Container:            disk1
   APFS Physical Store:       disk0s2
   Fusion Drive:              No
   APFS Volume Group:         5D158ED7-B6B8-4918-A5F8-27863C489522
   Encrypted:                 No
   FileVault:                 Yes
   Sealed:                    Broken
   Locked:                    No

**********

   Device Identifier:         disk1s3s1
   Device Node:               /dev/disk1s3s1
   Whole:                     No
   Part of Whole:             disk1

   Volume Name:               Macintosh HD
   Mounted:                   Yes
   Mount Point:               /

   Partition Type:            41504653-0000-11AA-AA11-00306543ECAC
   File System Personality:   APFS
   Type (Bundle):             apfs
   Name (User Visible):       APFS
   Owners:                    Enabled

   OS Can Be Installed:       No
   Booter Disk:               disk1s4
   Recovery Disk:             disk1s5
   Media Type:                Generic
   Protocol:                  PCI-Express
   SMART Status:              Verified
   Volume UUID:               72BB4AAD-2C2B-4A47-9318-B41DCE715DB0
   Disk / Partition UUID:     72BB4AAD-2C2B-4A47-9318-B41DCE715DB0

   Disk Size:                 250.7 GB (250685575168 Bytes) (exactly 489620264 512-Byte-Units)
   Device Block Size:         4096 Bytes

   Volume Used Space:         8.9 GB (8866996224 Bytes) (exactly 17318352 512-Byte-Units)
   Container Total Space:     250.7 GB (250685575168 Bytes) (exactly 489620264 512-Byte-Units)
   Container Free Space:      17.4 GB (17429434368 Bytes) (exactly 34041864 512-Byte-Units)
   Allocation Block Size:     4096 Bytes

   Media OS Use Only:         No
   Media Read-Only:           Yes
   Volume Read-Only:          Yes (read-only mount flag set)

   Device Location:           Internal
   Removable Media:           Fixed

   Solid State:               Yes
   Hardware AES Support:      Yes

   This disk is an APFS Volume Snapshot.  APFS Information:
   APFS Snapshot Name:        com.apple.os.update-F7EF6910F1273AC6B305AA05DF88E80DA1EA3E54F452C1B9122636B95C42A553
   APFS Snapshot UUID:        72BB4AAD-2C2B-4A47-9318-B41DCE715DB0
   APFS Container:            disk1
   APFS Physical Store:       disk0s2
   Fusion Drive:              No
   APFS Volume Group:         5D158ED7-B6B8-4918-A5F8-27863C489522
   EFI Driver In macOS:       2142061002000000
   Encrypted:                 No
   FileVault:                 Yes
   Sealed:                    Broken
   Locked:                    No

   APFS Snapshots are defined upon this APFS Volume.  Snapshot list:
   Snapshot UUID:             72BB4AAD-2C2B-4A47-9318-B41DCE715DB0
   Name:                      com.apple.os.update-F7EF6910F1273AC6B305AA05DF88E80DA1EA3E54F452C1B9122636B95C42A553
   XID:                       475519

**********

   Device Identifier:         disk1s4
   Device Node:               /dev/disk1s4
   Whole:                     No
   Part of Whole:             disk1

   Volume Name:               Preboot
   Mounted:                   Yes
   Mount Point:               /System/Volumes/Preboot

   Partition Type:            41504653-0000-11AA-AA11-00306543ECAC
   File System Personality:   APFS
   Type (Bundle):             apfs
   Name (User Visible):       APFS
   Owners:                    Enabled

   OS Can Be Installed:       No
   Booter Disk:               disk1s4
   Recovery Disk:             disk1s5
   Media Type:                Generic
   Protocol:                  PCI-Express
   SMART Status:              Verified
   Volume UUID:               4263F90B-F1E6-44CA-ABA0-0DCFE2F3D31B
   Disk / Partition UUID:     4263F90B-F1E6-44CA-ABA0-0DCFE2F3D31B

   Disk Size:                 250.7 GB (250685575168 Bytes) (exactly 489620264 512-Byte-Units)
   Device Block Size:         4096 Bytes

   Volume Used Space:         1.8 GB (1810776064 Bytes) (exactly 3536672 512-Byte-Units)
   Container Total Space:     250.7 GB (250685575168 Bytes) (exactly 489620264 512-Byte-Units)
   Container Free Space:      17.4 GB (17429417984 Bytes) (exactly 34041832 512-Byte-Units)
   Allocation Block Size:     4096 Bytes

   Media OS Use Only:         No
   Media Read-Only:           No
   Volume Read-Only:          No

   Device Location:           Internal
   Removable Media:           Fixed

   Solid State:               Yes
   Hardware AES Support:      Yes

   This disk is an APFS Volume.  APFS Information:
   APFS Container:            disk1
   APFS Physical Store:       disk0s2
   Fusion Drive:              No
   Encrypted:                 No
   FileVault:                 No
   Sealed:                    No
   Locked:                    No

**********

   Device Identifier:         disk1s5
   Device Node:               /dev/disk1s5
   Whole:                     No
   Part of Whole:             disk1

   Volume Name:               Recovery
   Mounted:                   No

   Partition Type:            41504653-0000-11AA-AA11-00306543ECAC
   File System Personality:   APFS
   Type (Bundle):             apfs
   Name (User Visible):       APFS
   Owners:                    Disabled

   OS Can Be Installed:       No
   Booter Disk:               disk1s4
   Recovery Disk:             disk1s5
   Media Type:                Generic
   Protocol:                  PCI-Express
   SMART Status:              Verified
   Volume UUID:               204F3FBC-B778-464C-99C7-5823FB58D77B
   Disk / Partition UUID:     204F3FBC-B778-464C-99C7-5823FB58D77B

   Disk Size:                 250.7 GB (250685575168 Bytes) (exactly 489620264 512-Byte-Units)
   Device Block Size:         4096 Bytes

   Volume Used Space:         1.1 GB (1119887360 Bytes) (exactly 2187280 512-Byte-Units)
   Container Total Space:     250.7 GB (250685575168 Bytes) (exactly 489620264 512-Byte-Units)
   Container Free Space:      17.4 GB (17430102016 Bytes) (exactly 34043168 512-Byte-Units)

   Media OS Use Only:         No
   Media Read-Only:           No
   Volume Read-Only:          Not applicable (not mounted)

   Device Location:           Internal
   Removable Media:           Fixed

   Solid State:               Yes
   Hardware AES Support:      Yes

   This disk is an APFS Volume.  APFS Information:
   APFS Container:            disk1
   APFS Physical Store:       disk0s2
   Fusion Drive:              No
   Encrypted:                 No
   FileVault:                 No
   Sealed:                    No
   Locked:                    No

**********

   Device Identifier:         disk1s6
   Device Node:               /dev/disk1s6
   Whole:                     No
   Part of Whole:             disk1

   Volume Name:               VM
   Mounted:                   Yes
   Mount Point:               /System/Volumes/VM

   Partition Type:            41504653-0000-11AA-AA11-00306543ECAC
   File System Personality:   APFS
   Type (Bundle):             apfs
   Name (User Visible):       APFS
   Owners:                    Enabled

   OS Can Be Installed:       No
   Booter Disk:               disk1s4
   Recovery Disk:             disk1s5
   Media Type:                Generic
   Protocol:                  PCI-Express
   SMART Status:              Verified
   Volume UUID:               4148227A-3647-42E7-958E-30D624301910
   Disk / Partition UUID:     4148227A-3647-42E7-958E-30D624301910

   Disk Size:                 250.7 GB (250685575168 Bytes) (exactly 489620264 512-Byte-Units)
   Device Block Size:         4096 Bytes

   Volume Used Space:         5.4 GB (5369004032 Bytes) (exactly 10486336 512-Byte-Units)
   Container Total Space:     250.7 GB (250685575168 Bytes) (exactly 489620264 512-Byte-Units)
   Container Free Space:      17.4 GB (17430102016 Bytes) (exactly 34043168 512-Byte-Units)
   Allocation Block Size:     4096 Bytes

   Media OS Use Only:         No
   Media Read-Only:           No
   Volume Read-Only:          No

   Device Location:           Internal
   Removable Media:           Fixed

   Solid State:               Yes
   Hardware AES Support:      Yes

   This disk is an APFS Volume.  APFS Information:
   APFS Container:            disk1
   APFS Physical Store:       disk0s2
   Fusion Drive:              No
   Encrypted:                 No
   FileVault:                 No
   Sealed:                    No
   Locked:                    No

**********

   Device Identifier:         disk1s7
   Device Node:               /dev/disk1s7
   Whole:                     No
   Part of Whole:             disk1

   Volume Name:               Update
   Mounted:                   Yes
   Mount Point:               /System/Volumes/Update

   Partition Type:            41504653-0000-11AA-AA11-00306543ECAC
   File System Personality:   APFS
   Type (Bundle):             apfs
   Name (User Visible):       APFS
   Owners:                    Enabled

   OS Can Be Installed:       No
   Booter Disk:               disk1s4
   Recovery Disk:             disk1s5
   Media Type:                Generic
   Protocol:                  PCI-Express
   SMART Status:              Verified
   Volume UUID:               C8BA1A49-DFAA-4C19-90FB-EFCE4754989A
   Disk / Partition UUID:     C8BA1A49-DFAA-4C19-90FB-EFCE4754989A

   Disk Size:                 250.7 GB (250685575168 Bytes) (exactly 489620264 512-Byte-Units)
   Device Block Size:         4096 Bytes

   Volume Used Space:         4.2 MB (4194304 Bytes) (exactly 8192 512-Byte-Units)
   Container Total Space:     250.7 GB (250685575168 Bytes) (exactly 489620264 512-Byte-Units)
   Container Free Space:      17.4 GB (17430118400 Bytes) (exactly 34043200 512-Byte-Units)
   Allocation Block Size:     4096 Bytes

   Media OS Use Only:         Yes
   Media Read-Only:           No
   Volume Read-Only:          No

   Device Location:           Internal
   Removable Media:           Fixed

   Solid State:               Yes
   Hardware AES Support:      Yes

   This disk is an APFS Volume.  APFS Information:
   APFS Container:            disk1
   APFS Physical Store:       disk0s2
   Fusion Drive:              No
   Encrypted:                 No
   FileVault:                 No
   Sealed:                    No
   Locked:                    No

**********

   Device Identifier:         disk2
   Device Node:               /dev/disk2
   Whole:                     Yes
   Part of Whole:             disk2
   Device / Media Name:       Disk Image

   Volume Name:               Not applicable (no file system)
   Mounted:                   Not applicable (no file system)
   File System:               None

   Content (IOContent):       GUID_partition_scheme
   OS Can Be Installed:       No
   Media Type:                Generic
   Protocol:                  Disk Image
   SMART Status:              Not Supported

   Disk Size:                 195.4 MB (195433984 Bytes) (exactly 381707 512-Byte-Units)
   Device Block Size:         512 Bytes

   Media OS Use Only:         No
   Media Read-Only:           Yes
   Volume Read-Only:          Not applicable (no file system)

   Device Location:           External
   Removable Media:           Removable
   Media Removal:             Software-Activated

   Solid State:               Info not available
   Virtual:                   Yes

**********

   Device Identifier:         disk2s1
   Device Node:               /dev/disk2s1
   Whole:                     No
   Part of Whole:             disk2

   Volume Name:               OpenVPN Connect
   Mounted:                   Yes
   Mount Point:               /Volumes/OpenVPN Connect

   Partition Type:            Apple_HFS
   File System Personality:   HFS+
   Type (Bundle):             hfs
   Name (User Visible):       Mac OS Extended
   Owners:                    Disabled

   OS Can Be Installed:       No
   Media Type:                Generic
   Protocol:                  Disk Image
   SMART Status:              Not Supported
   Volume UUID:               EB7C7197-E7C3-350C-9E6F-F1A850B89A88
   Disk / Partition UUID:     ACBD5AE2-AD70-4BD9-BE97-824E76B53AD1
   Partition Offset:          20480 Bytes (40 512-Byte-Device-Blocks)

   Disk Size:                 195.4 MB (195395584 Bytes) (exactly 381632 512-Byte-Units)
   Device Block Size:         512 Bytes

   Volume Total Space:        195.4 MB (195395584 Bytes) (exactly 381632 512-Byte-Units)
   Volume Used Space:         192.1 MB (192118784 Bytes) (exactly 375232 512-Byte-Units) (98.3%)
   Volume Free Space:         3.3 MB (3276800 Bytes) (exactly 6400 512-Byte-Units) (1.7%)
   Allocation Block Size:     4096 Bytes

   Media OS Use Only:         No
   Media Read-Only:           Yes
   Volume Read-Only:          Yes (read-only mount flag set)

   Device Location:           External
   Removable Media:           Removable
   Media Removal:             Software-Activated

   Solid State:               Info not available

**********

Storage:

    Macintosh HD - Data:

      Free: 17.43 GB (17,430,102,016 bytes)
      Capacity: 250.69 GB (250,685,575,168 bytes)
      Mount Point: /System/Volumes/Data
      File System: APFS
      Writable: Yes
      Ignore Ownership: No
      BSD Name: disk1s1
      Volume UUID: 5F6FA420-0601-438C-9781-C3A600C11D19
      Physical Drive:
          Device Name: APPLE SSD AP0256M
          Media Name: AppleAPFSMedia
          Medium Type: SSD
          Protocol: PCI-Express
          Internal: Yes
          Partition Map Type: Unknown
          S.M.A.R.T. Status: Verified

    Macintosh HD:

      Free: 17.43 GB (17,430,102,016 bytes)
      Capacity: 250.69 GB (250,685,575,168 bytes)
      Mount Point: /
      File System: APFS
      Writable: No
      Ignore Ownership: No
      BSD Name: disk1s3s1
      Volume UUID: 72BB4AAD-2C2B-4A47-9318-B41DCE715DB0
      Physical Drive:
          Device Name: APPLE SSD AP0256M
          Media Name: AppleAPFSMedia
          Medium Type: SSD
          Protocol: PCI-Express
          Internal: Yes
          Partition Map Type: Unknown
          S.M.A.R.T. Status: Verified

    OpenVPN Connect:

      Free: 3.3 MB (3,276,800 bytes)
      Capacity: 195.4 MB (195,395,584 bytes)
      Mount Point: /Volumes/OpenVPN Connect
      File System: HFS+
      Writable: No
      Ignore Ownership: Yes
      BSD Name: disk2s1
      Volume UUID: EB7C7197-E7C3-350C-9E6F-F1A850B89A88
      Physical Drive:
          Device Name: Disk Image
          Media Name: Apple Disk Image Media
          Protocol: Disk Image
          Internal: No
          Partition Map Type: GPT (GUID Partition Table)

2023-01-30 23:53:11.484 system_profiler[45265:2338985] SPUSBDevice: IOCreatePlugInInterfaceForService failed 0xe00002be
2023-01-30 23:53:11.486 system_profiler[45265:2338985] SPUSBDevice: IOCreatePlugInInterfaceForService failed 0xe00002be
2023-01-30 23:53:11.486 system_profiler[45265:2338985] SPUSBDevice: IOCreatePlugInInterfaceForService failed 0xe00002be
2023-01-30 23:53:11.487 system_profiler[45265:2338985] SPUSBDevice: IOCreatePlugInInterfaceForService failed 0xe00002be
2023-01-30 23:53:11.487 system_profiler[45265:2338985] SPUSBDevice: IOCreatePlugInInterfaceForService failed 0xe00002be
2023-01-30 23:53:11.488 system_profiler[45265:2338985] SPUSBDevice: IOCreatePlugInInterfaceForService failed 0xe00002be
2023-01-30 23:53:11.489 system_profiler[45265:2338985] SPUSBDevice: IOCreatePlugInInterfaceForService failed 0xe00002be
USB:

    USB 3.1 Bus:

      Host Controller Driver: AppleUSBXHCITR
      PCI Device ID: 0x15ec 
      PCI Revision ID: 0x0006 
      PCI Vendor ID: 0x8086 
      Bus Number: 0x00 

    USB 3.1 Bus:

      Host Controller Driver: AppleUSBXHCITR
      PCI Device ID: 0x15ec 
      PCI Revision ID: 0x0006 
      PCI Vendor ID: 0x8086 
      Bus Number: 0x01 

    USB 3.1 Bus:

      Host Controller Driver: AppleIntelCNLUSBXHCI
      PCI Device ID: 0x9ded 
      PCI Revision ID: 0x0030 
      PCI Vendor ID: 0x8086 

    Apple T2 Bus:

      Host Controller Driver: AppleUSBVHCIBCE

        Touch Bar Backlight:

          Product ID: 0x8102
          Vendor ID: 0x05ac (Apple Inc.)
          Version: 2.01
          Serial Number: 0000000000000000
          Manufacturer: Apple Inc.
          Location ID: 0x80700000

        Touch Bar Display:

          Product ID: 0x8302
          Vendor ID: 0x05ac (Apple Inc.)
          Version: 2.01
          Serial Number: 0000000000000000
          Manufacturer: Apple Inc.
          Location ID: 0x80600000

        Apple Internal Keyboard / Trackpad:

          Product ID: 0x027b
          Vendor ID: 0x05ac (Apple Inc.)
          Version: 9.27
          Serial Number: FM7048300T3J3VYBZ+RRZ
          Manufacturer: Apple Inc.
          Location ID: 0x80500000

        Headset:

          Product ID: 0x8103
          Vendor ID: 0x05ac (Apple Inc.)
          Version: 2.04
          Serial Number: 000000000000
          Manufacturer: Apple
          Location ID: 0x80400000

        Ambient Light Sensor:

          Product ID: 0x8262
          Vendor ID: 0x05ac (Apple Inc.)
          Version: 2.01
          Serial Number: 000000000000
          Manufacturer: Apple Inc.
          Location ID: 0x80300000

        FaceTime HD Camera (Built-in):

          Product ID: 0x8514
          Vendor ID: 0x05ac (Apple Inc.)
          Version: 2.01
          Serial Number: CC28452QV2BJ3Y32Z
          Manufacturer: Apple Inc.
          Location ID: 0x80200000

        Apple T2 Controller:

          Product ID: 0x8233
          Vendor ID: 0x05ac (Apple Inc.)
          Version: 2.01
          Serial Number: 0000000000000000
          Manufacturer: Apple Inc.
          Location ID: 0x80100000





[1m[31mEnd Of Script(B[m
Active Internet connections (including servers)
Proto Recv-Q Send-Q  Local Address          Foreign Address        (state)    
tcp4       0      0  192.168.1.227.50182    ns31532337.ip-16.https ESTABLISHED
tcp6       0      0  timothys-macbook.50179 timothy-johnsons.55819 ESTABLISHED
tcp4       0      0  192.168.1.227.50176    ec2-52-4-33-45.c.https ESTABLISHED
tcp4       0      0  192.168.1.227.50168    69.166.1.8.https       LAST_ACK   
tcp4       0      0  192.168.1.227.50167    ns31533569.ip-16.https ESTABLISHED
tcp4       0      0  192.168.1.227.50166    ns31533569.ip-16.https ESTABLISHED
tcp4       0      0  192.168.1.227.50165    ns3216658.ip-141.https ESTABLISHED
tcp4       0      0  192.168.1.227.50164    ns31532337.ip-16.https ESTABLISHED
tcp4       0      0  192.168.1.227.50163    579.bm-nginx-loa.https ESTABLISHED
tcp4       0      0  192.168.1.227.50162    23.105.12.145.https    ESTABLISHED
tcp4       0      0  192.168.1.227.50161    69.173.151.99.https    ESTABLISHED
tcp4       0      0  192.168.1.227.50160    23.105.12.145.https    ESTABLISHED
tcp4       0      0  192.168.1.227.50159    565.bm-nginx-loa.https ESTABLISHED
tcp4       0      0  192.168.1.227.50158    ip184.ip-51-222-.https ESTABLISHED
tcp4       0      0  192.168.1.227.50157    565.bm-nginx-loa.https ESTABLISHED
tcp4       0      0  192.168.1.227.50156    195.244.31.10.https    ESTABLISHED
tcp4       0      0  192.168.1.227.50155    565.bm-nginx-loa.https ESTABLISHED
tcp4       0      0  192.168.1.227.50154    565.bm-nginx-loa.https ESTABLISHED
tcp4       0      0  192.168.1.227.50153    565.bm-nginx-loa.https ESTABLISHED
tcp4       0      0  192.168.1.227.50141    20.109.108.169.https   ESTABLISHED
tcp4       0      0  192.168.1.227.50050    720080918.chi.cd.https ESTABLISHED
tcp4       0      0  192.168.1.227.50045    47.252.78.131.https    ESTABLISHED
tcp4       0      0  192.168.1.227.50028    104.18.20.134.https    ESTABLISHED
tcp4       0      0  192.168.1.227.50024    a184-84-168-207..https ESTABLISHED
tcp4       0      0  192.168.1.227.50023    a23-194-165-59.d.https ESTABLISHED
tcp4       0      0  192.168.1.227.50022    8.43.72.64.https       ESTABLISHED
tcp4       0      0  192.168.1.227.50021    216.200.232.249.https  ESTABLISHED
tcp4       0      0  192.168.1.227.50018    216.200.232.250.https  ESTABLISHED
tcp4       0      0  192.168.1.227.50012    145.40.89.200.https    ESTABLISHED
tcp4       0      0  192.168.1.227.50006    ec2-52-204-114-1.https ESTABLISHED
tcp4       0      0  192.168.1.227.50000    8.2.111.196.https      ESTABLISHED
tcp4       0      0  192.168.1.227.49998    8.2.111.196.https      ESTABLISHED
tcp4       0      0  192.168.1.227.49957    104.22.52.86.https     ESTABLISHED
tcp4       0      0  192.168.1.227.49919    a104-98-95-200.d.https ESTABLISHED
tcp4       0      0  192.168.1.227.49870    146.75.78.133.https    ESTABLISHED
tcp4       0      0  192.168.1.227.49865    104.21.35.194.https    ESTABLISHED
tcp4       0      0  192.168.1.227.49862    146.75.78.208.https    ESTABLISHED
tcp4       0      0  192.168.1.227.49861    216.239.36.54.https    ESTABLISHED
tcp4       0      0  192.168.1.227.49859    80.142.244.35.bc.https ESTABLISHED
tcp4       0      0  192.168.1.227.49856    146.75.77.140.https    ESTABLISHED
tcp4       0      0  192.168.1.227.49852    72.249.186.35.bc.https ESTABLISHED
tcp4       0      0  192.168.1.227.49843    146.75.78.208.https    ESTABLISHED
tcp4       0      0  192.168.1.227.49836    146.75.78.208.https    ESTABLISHED
tcp4       0      0  192.168.1.227.49833    146.75.77.140.https    ESTABLISHED
tcp4       0      0  192.168.1.227.49828    146.75.77.26.https     ESTABLISHED
tcp4       0      0  192.168.1.227.49823    45-33-64-214.ip..https ESTABLISHED
tcp4       0      0  192.168.1.227.64889    ec2-3-94-66-37.c.https ESTABLISHED
tcp4       0      0  192.168.1.227.63561    ec2-23-21-99-247.https ESTABLISHED
tcp6       0      0  fe80::aede:48ff:.62995 fe80::aede:48ff:.49327 ESTABLISHED
tcp4       0      0  192.168.1.227.62659    ec2-52-206-58-13.https ESTABLISHED
tcp4       0      0  192.168.1.227.62647    ec2-3-230-217-11.https ESTABLISHED
tcp4       0      0  192.168.1.227.62568    server-18-160-24.https ESTABLISHED
tcp4       0      0  192.168.1.227.62493    104.36.115.111.https   ESTABLISHED
tcp4       0      0  192.168.1.227.62348    ec2-3-88-153-112.https ESTABLISHED
tcp4       0      0  192.168.1.227.62344    d-76-73-236-170..http  ESTABLISHED
tcp4       0      0  192.168.1.227.62338    52.96.226.130.https    ESTABLISHED
tcp4       0      0  192.168.1.227.62289    192.168.1.146.55750    ESTABLISHED
tcp4       0      0  192.168.1.227.62295    gb-in-f188.1e100.5228  ESTABLISHED
tcp4       0      0  192.168.1.227.62293    192.168.1.156.8009     ESTABLISHED
tcp4       0      0  192.168.1.227.62292    192.168.1.154.8009     ESTABLISHED
tcp4       0      0  192.168.1.227.62291    192.168.1.11.8009      ESTABLISHED
tcp6       0      0  fe80::aede:48ff:.62290 fe80::aede:48ff:.49334 ESTABLISHED
tcp6       0      0  *.62289                *.*                    LISTEN     
tcp4       0      0  *.62289                *.*                    LISTEN     
tcp4       0      0  localhost.9502         localhost.62288        ESTABLISHED
tcp4       0      0  localhost.62288        localhost.9502         ESTABLISHED
tcp6       0      0  fe80::aede:48ff:.61157 fe80::aede:48ff:.49327 ESTABLISHED
tcp6       0      0  fe80::aede:48ff:.61156 fe80::aede:48ff:.49327 ESTABLISHED
tcp6       0      0  fe80::aede:48ff:.61155 fe80::aede:48ff:.49327 ESTABLISHED
tcp6       0      0  fe80::aede:48ff:.61154 fe80::aede:48ff:.49327 ESTABLISHED
tcp6       0      0  fe80::aede:48ff:.61153 fe80::aede:48ff:.49327 ESTABLISHED
tcp6       0      0  fe80::aede:48ff:.61152 fe80::aede:48ff:.49327 ESTABLISHED
tcp6       0      0  fe80::aede:48ff:.60379 fe80::aede:48ff:.49333 ESTABLISHED
tcp6       0      0  fe80::aede:48ff:.60009 fe80::aede:48ff:.49333 ESTABLISHED
tcp6       0      0  fe80::aede:48ff:.51336 fe80::aede:48ff:.49333 ESTABLISHED
tcp6       0      0  fe80::aede:48ff:.65425 fe80::aede:48ff:.49333 ESTABLISHED
tcp6       0      0  fe80::aede:48ff:.54093 fe80::aede:48ff:.49333 ESTABLISHED
tcp6       0      0  timothys-macbook.solid fe80::4ab1:c93a:.1025  ESTABLISHED
tcp6       0      0  fe80::aede:48ff:.56173 fe80::aede:48ff:.49333 ESTABLISHED
tcp6       0      0  fe80::aede:48ff:.52503 fe80::aede:48ff:.49333 ESTABLISHED
tcp6       0      0  timothys-macbook.1024  fe80::4ab1:c93a:.1024  ESTABLISHED
tcp4       0      0  localhost.rrifmm       *.*                    LISTEN     
tcp4       0      0  localhost.netview-aix- *.*                    LISTEN     
tcp4       0      0  localhost.netview-aix- *.*                    LISTEN     
tcp4       0      0  *.9503                 *.*                    LISTEN     
tcp4       0      0  *.9519                 *.*                    LISTEN     
tcp4       0      0  *.9511                 *.*                    LISTEN     
tcp4       0      0  *.9505                 *.*                    LISTEN     
tcp4       0      0  localhost.8991         *.*                    LISTEN     
tcp4       0      0  localhost.9502         *.*                    LISTEN     
tcp6       0      0  *.commplex-main        *.*                    LISTEN     
tcp4       0      0  *.commplex-main        *.*                    LISTEN     
tcp6       0      0  *.afs3-fileserver      *.*                    LISTEN     
tcp4       0      0  *.afs3-fileserver      *.*                    LISTEN     
tcp6       0      0  fe80::aede:48ff:.49168 fe80::aede:48ff:.49345 ESTABLISHED
tcp6       0      0  fe80::aede:48ff:.49167 fe80::aede:48ff:.49337 ESTABLISHED
tcp4       0      0  *.kerberos             *.*                    LISTEN     
tcp6       0      0  *.kerberos             *.*                    LISTEN     
tcp6       0      0  fe80::aede:48ff:.49163 fe80::aede:48ff:.49343 ESTABLISHED
tcp6       0      0  fe80::aede:48ff:.49153 fe80::aede:48ff:.49348 ESTABLISHED
tcp6       0      0  fe80::aede:48ff:.49162 *.*                    LISTEN     
tcp6       0      0  fe80::aede:48ff:.49161 *.*                    LISTEN     
tcp6       0      0  fe80::aede:48ff:.49160 *.*                    LISTEN     
tcp6       0      0  fe80::aede:48ff:.49159 *.*                    LISTEN     
tcp6       0      0  fe80::aede:48ff:.49158 *.*                    LISTEN     
tcp6       0      0  fe80::aede:48ff:.49157 *.*                    LISTEN     
tcp6       0      0  fe80::aede:48ff:.49156 *.*                    LISTEN     
tcp6       0      0  fe80::aede:48ff:.49155 *.*                    LISTEN     
tcp6       0      0  fe80::aede:48ff:.49154 *.*                    LISTEN     
tcp6       0      0  fe80::aede:48ff:.49153 *.*                    LISTEN     
tcp6       0      0  fe80::aede:48ff:.49152 fe80::aede:48ff:.59602 ESTABLISHED
tcp4       0      0  *.microsoft-ds         *.*                    LISTEN     
tcp6       0      0  *.microsoft-ds         *.*                    LISTEN     
tcp6       0      0  timothys-macbook.50145 timothy-johnsons.62078 TIME_WAIT  
tcp6       0      0  timothys-macbook.50146 timothy-johnsons.62078 TIME_WAIT  
tcp6       0      0  timothys-macbook.50148 timothy-johnsons.62078 TIME_WAIT  
tcp6       0      0  timothys-macbook.50149 timothy-johnsons.62078 TIME_WAIT  
tcp6       0      0  timothys-macbook.50151 timothy-johnsons.62078 TIME_WAIT  
tcp6       0      0  timothys-macbook.50152 timothy-johnsons.62078 TIME_WAIT  
tcp6       0      0  timothys-macbook.50150 timothy-johnsons.62078 TIME_WAIT  
tcp6       0      0  timothys-macbook.50173 timothy-johnsons.62078 TIME_WAIT  
tcp6       0      0  timothys-macbook.50178 timothy-johnsons.62078 TIME_WAIT  
tcp6       0      0  timothys-macbook.50180 timothy-johnsons.62078 TIME_WAIT  
tcp6       0      0  timothys-macbook.50181 timothy-johnsons.62078 TIME_WAIT  
tcp6       0      0  timothys-macbook.50184 timothy-johnsons.62078 TIME_WAIT  
tcp6       0      0  timothys-macbook.50185 timothy-johnsons.62078 TIME_WAIT  
tcp6       0      0  timothys-macbook.50183 timothy-johnsons.62078 TIME_WAIT  
tcp4       0      0  192.168.1.227.50784    17.248.190.140.443     TIME_WAIT  
tcp4       0      0  192.168.1.227.50783    17.248.190.209.443     ESTABLISHED
tcp4       0      0  192.168.1.227.50782    ir-in-f128.1e100.443   TIME_WAIT  
tcp4       0      0  192.168.1.227.50781    17.248.190.209.443     TIME_WAIT  
